ep: Enable automaESP-ROM:esp32c6-20220919
Build:Sep 19 2022
rst:0x15 (USB_UART_HPSYS),boot:0x7c (SPI_FAST_FLASH_BOOT)
Saved PC:0x400294a2
SPIWP:0xee
mode:DIO, clock div:2
load:0x40875720,len:0x1804
load:0x4086c410,len:0xe2c
load:0x4086e610,len:0x2e24
entry 0x4086c41a
[0;32mI (23) boot: ESP-IDF v5.2.2 2nd stage bootloader[0m
[0;32mI (23) boot: compile time Aug 19 2024 20:13:58[0m
[0;32mI (24) boot: chip revision: v0.0[0m
[0;32mI (26) boot.esp32c6: SPI Speed      : 80MHz[0m
[0;32mI (31) boot.esp32c6: SPI Mode       : DIO[0m
[0;32mI (35) boot.esp32c6: SPI Flash Size : 2MB[0m
[0;32mI (40) boot: Enabling RNG early entropy source...[0m
[0;32mI (45) boot: Partition Table:[0m
[0;32mI (49) boot: ## Label            Usage          Type ST Offset   Length[0m
[0;32mI (56) boot:  0 nvs              WiFi data        01 02 00009000 00006000[0m
[0;32mI (64) boot:  1 phy_init         RF data          01 01 0000f000 00001000[0m
[0;32mI (71) boot:  2 factory          factory app      00 00 00010000 00100000[0m
[0;32mI (79) boot: End of partition table[0m
[0;32mI (83) esp_image: segment 0: paddr=00010020 vaddr=42018020 size=087f8h ( 34808) map[0m
[0;32mI (99) esp_image: segment 1: paddr=00018820 vaddr=40800000 size=077f8h ( 30712) load[0m
[0;32mI (107) esp_image: segment 2: paddr=00020020 vaddr=42000020 size=10170h ( 65904) map[0m
[0;32mI (122) esp_image: segment 3: paddr=00030198 vaddr=408077f8 size=02c14h ( 11284) load[0m
[0;32mI (125) esp_image: segment 4: paddr=00032db4 vaddr=4080a410 size=01650h (  5712) load[0m
[0;32mI (131) boot: Loaded app from partition at offset 0x10000[0m
[0;32mI (134) boot: Disabling RNG early entropy source...[0m
[0;32mI (150) cpu_start: Unicore app[0m
[0;33mW (159) clk: esp_perip_clk_init() has not been implemented yet[0m
[0;32mI (166) cpu_start: Pro cpu start user code[0m
[0;32mI (166) cpu_start: cpu freq: 160000000 Hz[0m
[0;32mI (166) cpu_start: Application information:[0m
[0;32mI (169) cpu_start: Project name:     main[0m
[0;32mI (174) cpu_start: App version:      1[0m
[0;32mI (178) cpu_start: Compile time:     Aug 19 2024 20:13:50[0m
[0;32mI (184) cpu_start: ELF file SHA256:  5ec16e847...[0m
[0;32mI (189) cpu_start: ESP-IDF:          v5.2.2[0m
[0;32mI (194) cpu_start: Min chip rev:     v0.0[0m
[0;32mI (199) cpu_start: Max chip rev:     v0.99 [0m
[0;32mI (204) cpu_start: Chip rev:         v0.0[0m
[0;32mI (209) heap_init: Initializing. RAM available for dynamic allocation:[0m
[0;32mI (216) heap_init: At 4080C980 len 0006FC90 (447 KiB): RAM[0m
[0;32mI (222) heap_init: At 4087C610 len 00002F54 (11 KiB): RAM[0m
[0;32mI (228) heap_init: At 50000000 len 00003FE8 (15 KiB): RTCRAM[0m
[0;32mI (235) spi_flash: detected chip: generic[0m
[0;32mI (239) spi_flash: flash io: dio[0m
[0;33mW (243) spi_flash: Detected size(16384k) larger than the size in the binary image header(2048k). Using the size in the binary image header.[0m
[0;32mI (256) sleep: Configure to isolate all GPIO pins in sleep state[0m
[0;32mI (263) sleep: Enable automatic switching of GPIO sleep configuration[0m
[0;32mI (270) coexist: coex firmware version: d96c1e51f[0m
[0;32mI (276) coexist: coexist rom version 5b8dcfa[0m
[0;32mI (281) main_task: Started on CPU0[0m
[0;32mI (281) main_task: Calling app_main()[0m
Hello from Swift on ESP32-C6!
Guru Meditation Error: Core  0 panic'ed (Illegal instruction). Exception was unhandled.

Core  0 register dump:
MEPC    : 0x4200003c  RA      : 0x4200003c  SP      : 0x4080fae0  GP      : 0x4080ac10  
TP      : 0x40807448  T0      : 0x40028192  T1      : 0x20000000  T2      : 0x00000000  
S0/FP   : 0x4201a000  S1      : 0x00000000  A0      : 0x00000000  A1      : 0x4080fabc  
A2      : 0x00000000  A3      : 0x00000001  A4      : 0x00000000  A5      : 0x20001000  
A6      : 0x00000001  A7      : 0x0000000a  S2      : 0x00000000  S3      : 0x00000000  
S4      : 0x00000000  S5      : 0x00000000  S6      : 0x00000000  S7      : 0x00000000  
S8      : 0x00000000  S9      : 0x00000000  S10     : 0x00000000  S11     : 0x00000000  
T3      : 0x00000000  T4      : 0x00000000  T5      : 0x00000000  T6      : 0x00000000  
MSTATUS : 0x00001881  MTVEC   : 0x40800001  MCAUSE  : 0x00000002  MTVAL   : 0x00000000  
MHARTID : 0x00000000  

0x4200003c in $s10_swiftcode8app_mainyyF ()
#0  0x4200003c in $s10_swiftcode8app_mainyyF ()
Backtrace stopped: previous frame identical to this frame (corrupt stack?)
ELF file SHA256: 5ec16e847

Rebooting...
ESP-ROM:esp32c6-20220919
Build:Sep 19 2022
rst:0xc (SW_CPU),boot:0x7c (SPI_FAST_FLASH_BOOT)
Saved PC:0x4001975a
SPIWP:0xee
mode:DIO, clock div:2
load:0x40875720,len:0x1804
load:0x4086c410,len:0xe2c
load:0x4086e610,len:0x2e24
entry 0x4086c41a
[0;32mI (22) boot: ESP-IDF v5.2.2 2nd stage bootloader[0m
[0;32mI (22) boot: compile time Aug 19 2024 20:13:58[0m
[0;32mI (24) boot: chip revision: v0.0[0m
[0;32mI (25) boot.esp32c6: SPI Speed      : 80MHz[0m
[0;32mI (30) boot.esp32c6: SPI Mode       : DIO[0m
[0;32mI (34) boot.esp32c6: SPI Flash Size : 2MB[0m
[0;32mI (39) boot: Enabling RNG early entropy source...[0m
[0;32mI (45) boot: Partition Table:[0m
[0;32mI (48) boot: ## Label            Usage          Type ST Offset   Length[0m
[0;32mI (55) boot:  0 nvs              WiFi data        01 02 00009000 00006000[0m
[0;32mI (63) boot:  1 phy_init         RF data          01 01 0000f000 00001000[0m
[0;32mI (70) boot:  2 factory          factory app      00 00 00010000 00100000[0m
[0;32mI (78) boot: End of partition table[0m
[0;32mI (82) esp_image: segment 0: paddr=00010020 vaddr=42018020 size=087f8h ( 34808) map[0m
[0;32mI (105) esp_image: segment 1: paddr=00018820 vaddr=40800000 size=077f8h ( 30712) load[0m
[0;32mI (121) esp_image: segment 2: paddr=00020020 vaddr=42000020 size=10170h ( 65904) map[0m
[0;32mI (149) esp_image: segment 3: paddr=00030198 vaddr=408077f8 size=02c14h ( 11284) load[0m
[0;32mI (156) esp_image: segment 4: paddr=00032db4 vaddr=4080a410 size=01650h (  5712) load[0m
[0;32mI (165) boot: Loaded app from partition at offset 0x10000[0m
[0;32mI (166) boot: Disabling RNG early entropy source...[0m
[0;32mI (178) cpu_start: Unicore app[0m
[0;33mW (188) clk: esp_perip_clk_init() has not been implemented yet[0m
[0;32mI (194) cpu_start: Pro cpu start user code[0m
[0;32mI (194) cpu_start: cpu freq: 160000000 Hz[0m
[0;32mI (195) cpu_start: Application information:[0m
[0;32mI (197) cpu_start: Project name:     main[0m
[0;32mI (202) cpu_start: App version:      1[0m
[0;32mI (206) cpu_start: Compile time:     Aug 19 2024 20:13:50[0m
[0;32mI (212) cpu_start: ELF file SHA256:  5ec16e847...[0m
[0;32mI (218) cpu_start: ESP-IDF:          v5.2.2[0m
[0;32mI (223) cpu_start: Min chip rev:     v0.0[0m
[0;32mI (227) cpu_start: Max chip rev:     v0.99 [0m
[0;32mI (232) cpu_start: Chip rev:         v0.0[0m
[0;32mI (237) heap_init: Initializing. RAM available for dynamic allocation:[0m
[0;32mI (244) heap_init: At 4080C980 len 0006FC90 (447 KiB): RAM[0m
[0;32mI (250) heap_init: At 4087C610 len 00002F54 (11 KiB): RAM[0m
[0;32mI (256) heap_init: At 50000000 len 00003FE8 (15 KiB): RTCRAM[0m
[0;32mI (264) spi_flash: detected chip: generic[0m
[0;32mI (267) spi_flash: flash io: dio[0m
[0;33mW (271) spi_flash: Detected size(16384k) larger than the size in the binary image header(2048k). Using the size in the binary image header.[0m
[0;32mI (285) sleep: Configure to isolate all GPIO pins in sleep state[0m
[0;32mI (291) sleep: Enable automatic switching of GPIO sleep configuration[0m
[0;32mI (298) coexist: coex firmware version: d96c1e51f[0m
[0;32mI (304) coexist: coexist rom version 5b8dcfa[0m
[0;32mI (309) main_task: Started on CPU0[0m
[0;32mI (309) main_task: Calling app_main()[0m
Hello from Swift on ESP32-C6!
Guru Meditation Error: Core  0 panic'ed (Illegal instruction). Exception was unhandled.

Core  0 register dump:
MEPC    : 0x4200003c  RA      : 0x4200003c  SP      : 0x4080fae0  GP      : 0x4080ac10  
TP      : 0x40807448  T0      : 0x40028192  T1      : 0x30000000  T2      : 0x00000000  
S0/FP   : 0x4201a000  S1      : 0x00000000  A0      : 0x00000000  A1      : 0x4080fabc  
A2      : 0x00000000  A3      : 0x00000001  A4      : 0x00000000  A5      : 0x20001000  
A6      : 0x00000001  A7      : 0x0000000a  S2      : 0x00000000  S3      : 0x00000000  
S4      : 0x00000000  S5      : 0x00000000  S6      : 0x00000000  S7      : 0x00000000  
S8      : 0x00000000  S9      : 0x00000000  S10     : 0x00000000  S11     : 0x00000000  
T3      : 0x00000000  T4      : 0x00000000  T5      : 0x00000000  T6      : 0x00000000  
MSTATUS : 0x00001881  MTVEC   : 0x40800001  MCAUSE  : 0x00000002  MTVAL   : 0x00000000  
MHARTID : 0x00000000  

0x4200003c in $s10_swiftcode8app_mainyyF ()
#0  0x4200003c in $s10_swiftcode8app_mainyyF ()
Backtrace stopped: previous frame identical to this frame (corrupt stack?)
ELF file SHA256: 5ec16e847

Rebooting...
ESP-ROM:esp32c6-20220919
Build:Sep 19 2022
rst:0xc (SW_CPU),boot:0x7c (SPI_FAST_FLASH_BOOT)
Saved PC:0x4001975a
SPIWP:0xee
mode:DIO, clock div:2
load:0x40875720,len:0x1804
load:0x4086c410,len:0xe2c
load:0x4086e610,len:0x2e24
entry 0x4086c41a
[0;32mI (22) boot: ESP-IDF v5.2.2 2nd stage bootloader[0m
[0;32mI (22) boot: compile time Aug 19 2024 20:13:58[0m
[0;32mI (24) boot: chip revision: v0.0[0m
[0;32mI (25) boot.esp32c6: SPI Speed      : 80MHz[0m
[0;32mI (30) boot.esp32c6: SPI Mode       : DIO[0m
[0;32mI (34) boot.esp32c6: SPI Flash Size : 2MB[0m
[0;32mI (39) boot: Enabling RNG early entropy source...[0m
[0;32mI (45) boot: Partition Table:[0m
[0;32mI (48) boot: ## Label            Usage          Type ST Offset   Length[0m
[0;32mI (55) boot:  0 nvs              WiFi data        01 02 00009000 00006000[0m
[0;32mI (63) boot:  1 phy_init         RF data          01 01 0000f000 00001000[0m
[0;32mI (70) boot:  2 factory          factory app      00 00 00010000 00100000[0m
[0;32mI (78) boot: End of partition table[0m
[0;32mI (82) esp_image: segment 0: paddr=00010020 vaddr=42018020 size=087f8h ( 34808) map[0m
[0;32mI (105) esp_image: segment 1: paddr=00018820 vaddr=40800000 size=077f8h ( 30712) load[0m
[0;32mI (121) esp_image: segment 2: paddr=00020020 vaddr=42000020 size=10170h ( 65904) map[0m
[0;32mI (149) esp_image: segment 3: paddr=00030198 vaddr=408077f8 size=02c14h ( 11284) load[0m
[0;32mI (156) esp_image: segment 4: paddr=00032db4 vaddr=4080a410 size=01650h (  5712) load[0m
[0;32mI (165) boot: Loaded app from partition at offset 0x10000[0m
[0;32mI (166) boot: Disabling RNG early entropy source...[0m
[0;32mI (178) cpu_start: Unicore app[0m
[0;33mW (188) clk: esp_perip_clk_init() has not been implemented yet[0m
[0;32mI (194) cpu_start: Pro cpu start user code[0m
[0;32mI (194) cpu_start: cpu freq: 160000000 Hz[0m
[0;32mI (195) cpu_start: Application information:[0m
[0;32mI (197) cpu_start: Project name:     main[0m
[0;32mI (202) cpu_start: App version:      1[0m
[0;32mI (206) cpu_start: Compile time:     Aug 19 2024 20:13:50[0m
[0;32mI (212) cpu_start: ELF file SHA256:  5ec16e847...[0m
[0;32mI (218) cpu_start: ESP-IDF:          v5.2.2[0m
[0;32mI (223) cpu_start: Min chip rev:     v0.0[0m
[0;32mI (227) cpu_start: Max chip rev:     v0.99 [0m
[0;32mI (232) cpu_start: Chip rev:         v0.0[0m
[0;32mI (237) heap_init: Initializing. RAM available for dynamic allocation:[0m
[0;32mI (244) heap_init: At 4080C980 len 0006FC90 (447 KiB): RAM[0m
[0;32mI (250) heap_init: At 4087C610 len 00002F54 (11 KiB): RAM[0m
[0;32mI (256) heap_init: At 50000000 len 00003FE8 (15 KiB): RTCRAM[0m
[0;32mI (263) spi_flash: detected chip: generic[0m
[0;32mI (267) spi_flash: flash io: dio[0m
[0;33mW (271) spi_flash: Detected size(16384k) larger than the size in the binary image header(2048k). Using the size in the binary image header.[0m
[0;32mI (285) sleep: Configure to isolate all GPIO pins in sleep state[0m
[0;32mI (291) sleep: Enable automatic switching of GPIO sleep configuration[0m
[0;32mI (298) coexist: coex firmware version: d96c1e51f[0m
[0;32mI (304) coexist: coexist rom version 5b8dcfa[0m
[0;32mI (309) main_task: Started on CPU0[0m
[0;32mI (309) main_task: Calling app_main()[0m
Hello from Swift on ESP32-C6!
Guru Meditation Error: Core  0 panic'ed (Illegal instruction). Exception was unhandled.

Core  0 register dump:
MEPC    : 0x4200003c  RA      : 0x4200003c  SP      : 0x4080fae0  GP      : 0x4080ac10  
TP      : 0x40807448  T0      : 0x40028192  T1      : 0x30000000  T2      : 0x00000000  
S0/FP   : 0x4201a000  S1      : 0x00000000  A0      : 0x00000000  A1      : 0x4080fabc  
A2      : 0x00000000  A3      : 0x00000001  A4      : 0x00000000  A5      : 0x20001000  
A6      : 0x00000001  A7      : 0x0000000a  S2      : 0x00000000  S3      : 0x00000000  
S4      : 0x00000000  S5      : 0x00000000  S6      : 0x00000000  S7      : 0x00000000  
S8      : 0x00000000  S9      : 0x00000000  S10     : 0x00000000  S11     : 0x00000000  
T3      : 0x00000000  T4      : 0x00000000  T5      : 0x00000000  T6      : 0x00000000  
MSTATUS : 0x00001881  MTVEC   : 0x40800001  MCAUSE  : 0x00000002  MTVAL   : 0x00000000  
MHARTID : 0x00000000  

0x4200003c in $s10_swiftcode8app_mainyyF ()
#0  0x4200003c in $s10_swiftcode8app_mainyyF ()
Backtrace stopped: previous frame identical to this frame (corrupt stack?)
ELF file SHA256: 5ec16e847

Rebooting...
ESP-ROM:esp32c6-20220919
Build:Sep 19 2022
rst:0xc (SW_CPU),boot:0x7c (SPI_FAST_FLASH_BOOT)
Saved PC:0x4001975a
SPIWP:0xee
mode:DIO, clock div:2
load:0x40875720,len:0x1804
load:0x4086c410,len:0xe2c
load:0x4086e610,len:0x2e24
entry 0x4086c41a
[0;32mI (22) boot: ESP-IDF v5.2.2 2nd stage bootloader[0m
[0;32mI (22) boot: compile time Aug 19 2024 20:13:58[0m
[0;32mI (24) boot: chip revision: v0.0[0m
[0;32mI (25) boot.esp32c6: SPI Speed      : 80MHz[0m
[0;32mI (30) boot.esp32c6: SPI Mode       : DIO[0m
[0;32mI (34) boot.esp32c6: SPI Flash Size : 2MB[0m
[0;32mI (39) boot: Enabling RNG early entropy source...[0m
[0;32mI (45) boot: Partition Table:[0m
[0;32mI (48) boot: ## Label            Usage          Type ST Offset   Length[0m
[0;32mI (55) boot:  0 nvs              WiFi data        01 02 00009000 00006000[0m
[0;32mI (63) boot:  1 phy_init         RF data          01 01 0000f000 00001000[0m
[0;32mI (70) boot:  2 factory          factory app      00 00 00010000 00100000[0m
[0;32mI (78) boot: End of partition table[0m
[0;32mI (82) esp_image: segment 0: paddr=00010020 vaddr=42018020 size=087f8h ( 34808) map[0m
[0;32mI (105) esp_image: segment 1: paddr=00018820 vaddr=40800000 size=077f8h ( 30712) load[0m
[0;32mI (121) esp_image: segment 2: paddr=00020020 vaddr=42000020 size=10170h ( 65904) map[0m
[0;32mI (149) esp_image: segment 3: paddr=00030198 vaddr=408077f8 size=02c14h ( 11284) load[0m
[0;32mI (156) esp_image: segment 4: paddr=00032db4 vaddr=4080a410 size=01650h (  5712) load[0m
[0;32mI (165) boot: Loaded app from partition at offset 0x10000[0m
[0;32mI (166) boot: Disabling RNG early entropy source...[0m
[0;32mI (178) cpu_start: Unicore app[0m
[0;33mW (188) clk: esp_perip_clk_init() has not been implemented yet[0m
[0;32mI (194) cpu_start: Pro cpu start user code[0m
[0;32mI (194) cpu_start: cpu freq: 160000000 Hz[0m
[0;32mI (195) cpu_start: Application information:[0m
[0;32mI (197) cpu_start: Project name:     main[0m
[0;32mI (202) cpu_start: App version:      1[0m
[0;32mI (206) cpu_start: Compile time:     Aug 19 2024 20:13:50[0m
[0;32mI (212) cpu_start: ELF file SHA256:  5ec16e847...[0m
[0;32mI (218) cpu_start: ESP-IDF:          v5.2.2[0m
[0;32mI (223) cpu_start: Min chip rev:     v0.0[0m
[0;32mI (227) cpu_start: Max chip rev:     v0.99 [0m
[0;32mI (232) cpu_start: Chip rev:         v0.0[0m
[0;32mI (237) heap_init: Initializing. RAM available for dynamic allocation:[0m
[0;32mI (244) heap_init: At 4080C980 len 0006FC90 (447 KiB): RAM[0m
[0;32mI (250) heap_init: At 4087C610 len 00002F54 (11 KiB): RAM[0m
[0;32mI (256) heap_init: At 50000000 len 00003FE8 (15 KiB): RTCRAM[0m
[0;32mI (263) spi_flash: detected chip: generic[0m
[0;32mI (267) spi_flash: flash io: dio[0m
[0;33mW (271) spi_flash: Detected size(16384k) larger than the size in the binary image header(2048k). Using the size in the binary image header.[0m
[0;32mI (285) sleep: Configure to isolate all GPIO pins in sleep state[0m
[0;32mI (291) sleep: Enable automatic switching of GPIO sleep configuration[0m
[0;32mI (298) coexist: coex firmware version: d96c1e51f[0m
[0;32mI (304) coexist: coexist rom version 5b8dcfa[0m
[0;32mI (309) main_task: Started on CPU0[0m
[0;32mI (309) main_task: Calling app_main()[0m
Hello from Swift on ESP32-C6!
Guru Meditation Error: Core  0 panic'ed (Illegal instruction). Exception was unhandled.

Core  0 register dump:
MEPC    : 0x4200003c  RA      : 0x4200003c  SP      : 0x4080fae0  GP      : 0x4080ac10  
TP      : 0x40807448  T0      : 0x40028192  T1      : 0x30000000  T2      : 0x00000000  
S0/FP   : 0x4201a000  S1      : 0x00000000  A0      : 0x00000000  A1      : 0x4080fabc  
A2      : 0x00000000  A3      : 0x00000001  A4      : 0x00000000  A5      : 0x20001000  
A6      : 0x00000001  A7      : 0x0000000a  S2      : 0x00000000  S3      : 0x00000000  
S4      : 0x00000000  S5      : 0x00000000  S6      : 0x00000000  S7      : 0x00000000  
S8      : 0x00000000  S9      : 0x00000000  S10     : 0x00000000  S11     : 0x00000000  
T3      : 0x00000000  T4      : 0x00000000  T5      : 0x00000000  T6      : 0x00000000  
MSTATUS : 0x00001881  MTVEC   : 0x40800001  MCAUSE  : 0x00000002  MTVAL   : 0x00000000  
MHARTID : 0x00000000  

0x4200003c in $s10_swiftcode8app_mainyyF ()
#0  0x4200003c in $s10_swiftcode8app_mainyyF ()
Backtrace stopped: previous frame identical to this frame (corrupt stack?)
ELF file SHA256: 5ec16e847

Rebooting...
ESP-ROM:esp32c6-20220919
Build:Sep 19 2022
rst:0xc (SW_CPU),boot:0x7c (SPI_FAST_FLASH_BOOT)
Saved PC:0x4001975a
SPIWP:0xee
mode:DIO, clock div:2
load:0x40875720,len:0x1804
load:0x4086c410,len:0xe2c
load:0x4086e610,len:0x2e24
entry 0x4086c41a
[0;32mI (22) boot: ESP-IDF v5.2.2 2nd stage bootloader[0m
[0;32mI (22) boot: compile time Aug 19 2024 20:13:58[0m
[0;32mI (24) boot: chip revision: v0.0[0m
[0;32mI (25) boot.esp32c6: SPI Speed      : 80MHz[0m
[0;32mI (30) boot.esp32c6: SPI Mode       : DIO[0m
[0;32mI (34) boot.esp32c6: SPI Flash Size : 2MB[0m
[0;32mI (39) boot: Enabling RNG early entropy source...[0m
[0;32mI (45) boot: Partition Table:[0m
[0;32mI (48) boot: ## Label            Usage          Type ST Offset   Length[0m
[0;32mI (55) boot:  0 nvs              WiFi data        01 02 00009000 00006000[0m
[0;32mI (63) boot:  1 phy_init         RF data          01 01 0000f000 00001000[0m
[0;32mI (70) boot:  2 factory          factory app      00 00 00010000 00100000[0m
[0;32mI (78) boot: End of partition table[0m
[0;32mI (82) esp_image: segment 0: paddr=00010020 vaddr=42018020 size=087f8h ( 34808) map[0m
[0;32mI (105) esp_image: segment 1: paddr=00018820 vaddr=40800000 size=077f8h ( 30712) load[0m
[0;32mI (121) esp_image: segment 2: paddr=00020020 vaddr=42000020 size=10170h ( 65904) map[0m
[0;32mI (149) esp_image: segment 3: paddr=00030198 vaddr=408077f8 size=02c14h ( 11284) load[0m
[0;32mI (156) esp_image: segment 4: paddr=00032db4 vaddr=4080a410 size=01650h (  5712) load[0m
[0;32mI (165) boot: Loaded app from partition at offset 0x10000[0m
[0;32mI (166) boot: Disabling RNG early entropy source...[0m
[0;32mI (178) cpu_start: Unicore app[0m
[0;33mW (188) clk: esp_perip_clk_init() has not been implemented yet[0m
[0;32mI (194) cpu_start: Pro cpu start user code[0m
[0;32mI (194) cpu_start: cpu freq: 160000000 Hz[0m
[0;32mI (195) cpu_start: Application information:[0m
[0;32mI (197) cpu_start: Project name:     main[0m
[0;32mI (202) cpu_start: App version:      1[0m
[0;32mI (206) cpu_start: Compile time:     Aug 19 2024 20:13:50[0m
[0;32mI (212) cpu_start: ELF file SHA256:  5ec16e847...[0m
[0;32mI (218) cpu_start: ESP-IDF:          v5.2.2[0m
[0;32mI (223) cpu_start: Min chip rev:     v0.0[0m
[0;32mI (227) cpu_start: Max chip rev:     v0.99 [0m
[0;32mI (232) cpu_start: Chip rev:         v0.0[0m
[0;32mI (237) heap_init: Initializing. RAM available for dynamic allocation:[0m
[0;32mI (244) heap_init: At 4080C980 len 0006FC90 (447 KiB): RAM[0m
[0;32mI (250) heap_init: At 4087C610 len 00002F54 (11 KiB): RAM[0m
[0;32mI (256) heap_init: At 50000000 len 00003FE8 (15 KiB): RTCRAM[0m
[0;32mI (263) spi_flash: detected chip: generic[0m
[0;32mI (267) spi_flash: flash io: dio[0m
[0;33mW (271) spi_flash: Detected size(16384k) larger than the size in the binary image header(2048k). Using the size in the binary image header.[0m
[0;32mI (285) sleep: Configure to isolate all GPIO pins in sleep state[0m
[0;32mI (291) sleep: Enable automatic switching of GPIO sleep configuration[0m
[0;32mI (298) coexist: coex firmware version: d96c1e51f[0m
[0;32mI (304) coexist: coexist rom version 5b8dcfa[0m
[0;32mI (309) main_task: Started on CPU0[0m
[0;32mI (309) main_task: Calling app_main()[0m
Hello from Swift on ESP32-C6!
Guru Meditation Error: Core  0 panic'ed (Illegal instruction). Exception was unhandled.

Core  0 register dump:
MEPC    : 0x4200003c  RA      : 0x4200003c  SP      : 0x4080fae0  GP      : 0x4080ac10  
TP      : 0x40807448  T0      : 0x40028192  T1      : 0x30000000  T2      : 0x00000000  
S0/FP   : 0x4201a000  S1      : 0x00000000  A0      : 0x00000000  A1      : 0x4080fabc  
A2      : 0x00000000  A3      : 0x00000001  A4      : 0x00000000  A5      : 0x20001000  
A6      : 0x00000001  A7      : 0x0000000a  S2      : 0x00000000  S3      : 0x00000000  
S4      : 0x00000000  S5      : 0x00000000  S6      : 0x00000000  S7      : 0x00000000  
S8      : 0x00000000  S9      : 0x00000000  S10     : 0x00000000  S11     : 0x00000000  
T3      : 0x00000000  T4      : 0x00000000  T5      : 0x00000000  T6      : 0x00000000  
MSTATUS : 0x00001881  MTVEC   : 0x40800001  MCAUSE  : 0x00000002  MTVAL   : 0x00000000  
MHARTID : 0x00000000  

0x4200003c in $s10_swiftcode8app_mainyyF ()
#0  0x4200003c in $s10_swiftcode8app_mainyyF ()
Backtrace stopped: previous frame identical to this frame (corrupt stack?)
ELF file SHA256: 5ec16e847

Rebooting...
ESP-ROM:esp32c6-20220919
Build:Sep 19 2022
rst:0xc (SW_CPU),boot:0x7c (SPI_FAST_FLASH_BOOT)
Saved PC:0x4001975a
SPIWP:0xee
mode:DIO, clock div:2
load:0x40875720,len:0x1804
load:0x4086c410,len:0xe2c
load:0x4086e610,len:0x2e24
entry 0x4086c41a
[0;32mI (22) boot: ESP-IDF v5.2.2 2nd stage bootloader[0m
[0;32mI (22) boot: compile time Aug 19 2024 20:13:58[0m
[0;32mI (24) boot: chip revision: v0.0[0m
[0;32mI (25) boot.esp32c6: SPI Speed      : 80MHz[0m
[0;32mI (30) boot.esp32c6: SPI Mode       : DIO[0m
[0;32mI (34) boot.esp32c6: SPI Flash Size : 2MB[0m
[0;32mI (39) boot: Enabling RNG early entropy source...[0m
[0;32mI (45) boot: Partition Table:[0m
[0;32mI (48) boot: ## Label            Usage          Type ST Offset   Length[0m
[0;32mI (55) boot:  0 nvs              WiFi data        01 02 00009000 00006000[0m
[0;32mI (63) boot:  1 phy_init         RF data          01 01 0000f000 00001000[0m
[0;32mI (70) boot:  2 factory          factory app      00 00 00010000 00100000[0m
[0;32mI (78) boot: End of partition table[0m
[0;32mI (82) esp_image: segment 0: paddr=00010020 vaddr=42018020 size=087f8h ( 34808) map[0m
[0;32mI (105) esp_image: segment 1: paddr=00018820 vaddr=40800000 size=077f8h ( 30712) load[0m
[0;32mI (121) esp_image: segment 2: paddr=00020020 vaddr=42000020 size=10170h ( 65904) map[0m
[0;32mI (149) esp_image: segment 3: paddr=00030198 vaddr=408077f8 size=02c14h ( 11284) load[0m
[0;32mI (156) esp_image: segment 4: paddr=00032db4 vaddr=4080a410 size=01650h (  5712) load[0m
[0;32mI (165) boot: Loaded app from partition at offset 0x10000[0m
[0;32mI (166) boot: Disabling RNG early entropy source...[0m
[0;32mI (178) cpu_start: Unicore app[0m
[0;33mW (188) clk: esp_perip_clk_init() has not been implemented yet[0m
[0;32mI (194) cpu_start: Pro cpu start user code[0m
[0;32mI (194) cpu_start: cpu freq: 160000000 Hz[0m
[0;32mI (195) cpu_start: Application information:[0m
[0;32mI (197) cpu_start: Project name:     main[0m
[0;32mI (202) cpu_start: App version:      1[0m
[0;32mI (206) cpu_start: Compile time:     Aug 19 2024 20:13:50[0m
[0;32mI (212) cpu_start: ELF file SHA256:  5ec16e847...[0m
[0;32mI (218) cpu_start: ESP-IDF:          v5.2.2[0m
[0;32mI (223) cpu_start: Min chip rev:     v0.0[0m
[0;32mI (227) cpu_start: Max chip rev:     v0.99 [0m
[0;32mI (232) cpu_start: Chip rev:         v0.0[0m
[0;32mI (237) heap_init: Initializing. RAM available for dynamic allocation:[0m
[0;32mI (244) heap_init: At 4080C980 len 0006FC90 (447 KiB): RAM[0m
[0;32mI (250) heap_init: At 4087C610 len 00002F54 (11 KiB): RAM[0m
[0;32mI (256) heap_init: At 50000000 len 00003FE8 (15 KiB): RTCRAM[0m
[0;32mI (263) spi_flash: detected chip: generic[0m
[0;32mI (267) spi_flash: flash io: dio[0m
[0;33mW (271) spi_flash: Detected size(16384k) larger than the size in the binary image header(2048k). Using the size in the binary image header.[0m
[0;32mI (285) sleep: Configure to isolate all GPIO pins in sleep state[0m
[0;32mI (291) sleep: Enable automatic switching of GPIO sleep configuration[0m
[0;32mI (298) coexist: coex firmware version: d96c1e51f[0m
[0;32mI (304) coexist: coexist rom version 5b8dcfa[0m
[0;32mI (309) main_task: Started on CPU0[0m
[0;32mI (309) main_task: Calling app_main()[0m
Hello from Swift on ESP32-C6!
Guru Meditation Error: Core  0 panic'ed (Illegal instruction). Exception was unhandled.

Core  0 register dump:
MEPC    : 0x4200003c  RA      : 0x4200003c  SP      : 0x4080fae0  GP      : 0x4080ac10  
TP      : 0x40807448  T0      : 0x40028192  T1      : 0x30000000  T2      : 0x00000000  
S0/FP   : 0x4201a000  S1      : 0x00000000  A0      : 0x00000000  A1      : 0x4080fabc  
A2      : 0x00000000  A3      : 0x00000001  A4      : 0x00000000  A5      : 0x20001000  
A6      : 0x00000001  A7      : 0x0000000a  S2      : 0x00000000  S3      : 0x00000000  
S4      : 0x00000000  S5      : 0x00000000  S6      : 0x00000000  S7      : 0x00000000  
S8      : 0x00000000  S9      : 0x00000000  S10     : 0x00000000  S11     : 0x00000000  
T3      : 0x00000000  T4      : 0x00000000  T5      : 0x00000000  T6      : 0x00000000  
MSTATUS : 0x00001881  MTVEC   : 0x40800001  MCAUSE  : 0x00000002  MTVAL   : 0x00000000  
MHARTID : 0x00000000  

0x4200003c in $s10_swiftcode8app_mainyyF ()
#0  0x4200003c in $s10_swiftcode8app_mainyyF ()
Backtrace stopped: previous frame identical to this frame (corrupt stack?)
ELF file SHA256: 5ec16e847

Rebooting...
ESP-ROM:esp32c6-20220919
Build:Sep 19 2022
rst:0xc (SW_CPU),boot:0x7c (SPI_FAST_FLASH_BOOT)
Saved PC:0x4001975a
SPIWP:0xee
mode:DIO, clock div:2
load:0x40875720,len:0x1804
load:0x4086c410,len:0xe2c
load:0x4086e610,len:0x2e24
entry 0x4086c41a
[0;32mI (22) boot: ESP-IDF v5.2.2 2nd stage bootloader[0m
[0;32mI (22) boot: compile time Aug 19 2024 20:13:58[0m
[0;32mI (24) boot: chip revision: v0.0[0m
[0;32mI (25) boot.esp32c6: SPI Speed      : 80MHz[0m
[0;32mI (30) boot.esp32c6: SPI Mode       : DIO[0m
[0;32mI (34) boot.esp32c6: SPI Flash Size : 2MB[0m
[0;32mI (39) boot: Enabling RNG early entropy source...[0m
[0;32mI (45) boot: Partition Table:[0m
[0;32mI (48) boot: ## Label            Usage          Type ST Offset   Length[0m
[0;32mI (55) boot:  0 nvs              WiFi data        01 02 00009000 00006000[0m
[0;32mI (63) boot:  1 phy_init         RF data          01 01 0000f000 00001000[0m
[0;32mI (70) boot:  2 factory          factory app      00 00 00010000 00100000[0m
[0;32mI (78) boot: End of partition table[0m
[0;32mI (82) esp_image: segment 0: paddr=00010020 vaddr=42018020 size=087f8h ( 34808) map[0m
[0;32mI (105) esp_image: segment 1: paddr=00018820 vaddr=40800000 size=077f8h ( 30712) load[0m
[0;32mI (121) esp_image: segment 2: paddr=00020020 vaddr=42000020 size=10170h ( 65904) map[0m
[0;32mI (149) esp_image: segment 3: paddr=00030198 vaddr=408077f8 size=02c14h ( 11284) load[0m
[0;32mI (156) esp_image: segment 4: paddr=00032db4 vaddr=4080a410 size=01650h (  5712) load[0m
[0;32mI (165) boot: Loaded app from partition at offset 0x10000[0m
[0;32mI (166) boot: Disabling RNG early entropy source...[0m
[0;32mI (178) cpu_start: Unicore app[0m
[0;33mW (188) clk: esp_perip_clk_init() has not been implemented yet[0m
[0;32mI (194) cpu_start: Pro cpu start user code[0m
[0;32mI (194) cpu_start: cpu freq: 160000000 Hz[0m
[0;32mI (195) cpu_start: Application information:[0m
[0;32mI (197) cpu_start: Project name:     main[0m
[0;32mI (202) cpu_start: App version:      1[0m
[0;32mI (206) cpu_start: Compile time:     Aug 19 2024 20:13:50[0m
[0;32mI (212) cpu_start: ELF file SHA256:  5ec16e847...[0m
[0;32mI (218) cpu_start: ESP-IDF:          v5.2.2[0m
[0;32mI (223) cpu_start: Min chip rev:     v0.0[0m
[0;32mI (227) cpu_start: Max chip rev:     v0.99 [0m
[0;32mI (232) cpu_start: Chip rev:         v0.0[0m
[0;32mI (237) heap_init: Initializing. RAM available for dynamic allocation:[0m
[0;32mI (244) heap_init: At 4080C980 len 0006FC90 (447 KiB): RAM[0m
[0;32mI (250) heap_init: At 4087C610 len 00002F54 (11 KiB): RAM[0m
[0;32mI (256) heap_init: At 50000000 len 00003FE8 (15 KiB): RTCRAM[0m
[0;32mI (263) spi_flash: detected chip: generic[0m
[0;32mI (267) spi_flash: flash io: dio[0m
[0;33mW (271) spi_flash: Detected size(16384k) larger than the size in the binary image header(2048k). Using the size in the binary image header.[0m
[0;32mI (285) sleep: Configure to isolate all GPIO pins in sleep state[0m
[0;32mI (291) sleep: Enable automatic switching of GPIO sleep configuration[0m
[0;32mI (298) coexist: coex firmware version: d96c1e51f[0m
[0;32mI (304) coexist: coexist rom version 5b8dcfa[0m
[0;32mI (309) main_task: Started on CPU0[0m
[0;32mI (309) main_task: Calling app_main()[0m
Hello from Swift on ESP32-C6!
Guru Meditation Error: Core  0 panic'ed (Illegal instruction). Exception was unhandled.

Core  0 register dump:
MEPC    : 0x4200003c  RA      : 0x4200003c  SP      : 0x4080fae0  GP      : 0x4080ac10  
TP      : 0x40807448  T0      : 0x40028192  T1      : 0x30000000  T2      : 0x00000000  
S0/FP   : 0x4201a000  S1      : 0x00000000  A0      : 0x00000000  A1      : 0x4080fabc  
A2      : 0x00000000  A3      : 0x00000001  A4      : 0x00000000  A5      : 0x20001000  
A6      : 0x00000001  A7      : 0x0000000a  S2      : 0x00000000  S3      : 0x00000000  
S4      : 0x00000000  S5      : 0x00000000  S6      : 0x00000000  S7      : 0x00000000  
S8      : 0x00000000  S9      : 0x00000000  S10     : 0x00000000  S11     : 0x00000000  
T3      : 0x00000000  T4      : 0x00000000  T5      : 0x00000000  T6      : 0x00000000  
MSTATUS : 0x00001881  MTVEC   : 0x40800001  MCAUSE  : 0x00000002  MTVAL   : 0x00000000  
MHARTID : 0x00000000  

0x4200003c in $s10_swiftcode8app_mainyyF ()
#0  0x4200003c in $s10_swiftcode8app_mainyyF ()
Backtrace stopped: previous frame identical to this frame (corrupt stack?)
ELF file SHA256: 5ec16e847

Rebooting...
ESP-ROM:esp32c6-20220919
Build:Sep 19 2022
rst:0xc (SW_CPU),boot:0x7c (SPI_FAST_FLASH_BOOT)
Saved PC:0x4001975a
SPIWP:0xee
mode:DIO, clock div:2
load:0x40875720,len:0x1804
load:0x4086c410,len:0xe2c
load:0x4086e610,len:0x2e24
entry 0x4086c41a
[0;32mI (22) boot: ESP-IDF v5.2.2 2nd stage bootloader[0m
[0;32mI (22) boot: compile time Aug 19 2024 20:13:58[0m
[0;32mI (24) boot: chip revision: v0.0[0m
[0;32mI (25) boot.esp32c6: SPI Speed      : 80MHz[0m
[0;32mI (30) boot.esp32c6: SPI Mode       : DIO[0m
[0;32mI (34) boot.esp32c6: SPI Flash Size : 2MB[0m
[0;32mI (39) boot: Enabling RNG early entropy source...[0m
[0;32mI (45) boot: Partition Table:[0m
[0;32mI (48) boot: ## Label            Usage          Type ST Offset   Length[0m
[0;32mI (55) boot:  0 nvs              WiFi data        01 02 00009000 00006000[0m
[0;32mI (63) boot:  1 phy_init         RF data          01 01 0000f000 00001000[0m
[0;32mI (70) boot:  2 factory          factory app      00 00 00010000 00100000[0m
[0;32mI (78) boot: End of partition table[0m
[0;32mI (82) esp_image: segment 0: paddr=00010020 vaddr=42018020 size=087f8h ( 34808) map[0m
[0;32mI (105) esp_image: segment 1: paddr=00018820 vaddr=40800000 size=077f8h ( 30712) load[0m
[0;32mI (121) esp_image: segment 2: paddr=00020020 vaddr=42000020 size=10170h ( 65904) map[0m
[0;32mI (149) esp_image: segment 3: paddr=00030198 vaddr=408077f8 size=02c14h ( 11284) load[0m
[0;32mI (156) esp_image: segment 4: paddr=00032db4 vaddr=4080a410 size=01650h (  5712) load[0m
[0;32mI (165) boot: Loaded app from partition at offset 0x10000[0m
[0;32mI (166) boot: Disabling RNG early entropy source...[0m
[0;32mI (178) cpu_start: Unicore app[0m
[0;33mW (188) clk: esp_perip_clk_init() has not been implemented yet[0m
[0;32mI (194) cpu_start: Pro cpu start user code[0m
[0;32mI (194) cpu_start: cpu freq: 160000000 Hz[0m
[0;32mI (195) cpu_start: Application information:[0m
[0;32mI (197) cpu_start: Project name:     main[0m
[0;32mI (202) cpu_start: App version:      1[0m
[0;32mI (206) cpu_start: Compile time:     Aug 19 2024 20:13:50[0m
[0;32mI (212) cpu_start: ELF file SHA256:  5ec16e847...[0m
[0;32mI (218) cpu_start: ESP-IDF:          v5.2.2[0m
[0;32mI (223) cpu_start: Min chip rev:     v0.0[0m
[0;32mI (227) cpu_start: Max chip rev:     v0.99 [0m
[0;32mI (232) cpu_start: Chip rev:         v0.0[0m
[0;32mI (237) heap_init: Initializing. RAM available for dynamic allocation:[0m
[0;32mI (244) heap_init: At 4080C980 len 0006FC90 (447 KiB): RAM[0m
[0;32mI (250) heap_init: At 4087C610 len 00002F54 (11 KiB): RAM[0m
[0;32mI (256) heap_init: At 50000000 len 00003FE8 (15 KiB): RTCRAM[0m
[0;32mI (263) spi_flash: detected chip: generic[0m
[0;32mI (267) spi_flash: flash io: dio[0m
[0;33mW (271) spi_flash: Detected size(16384k) larger than the size in the binary image header(2048k). Using the size in the binary image header.[0m
[0;32mI (285) sleep: Configure to isolate all GPIO pins in sleep state[0m
[0;32mI (291) sleep: Enable automatic switching of GPIO sleep configuration[0m
[0;32mI (298) coexist: coex firmware version: d96c1e51f[0m
[0;32mI (304) coexist: coexist rom version 5b8dcfa[0m
[0;32mI (309) main_task: Started on CPU0[0m
[0;32mI (309) main_task: Calling app_main()[0m
Hello from Swift on ESP32-C6!
Guru Meditation Error: Core  0 panic'ed (Illegal instruction). Exception was unhandled.

Core  0 register dump:
MEPC    : 0x4200003c  RA      : 0x4200003c  SP      : 0x4080fae0  GP      : 0x4080ac10  
TP      : 0x40807448  T0      : 0x40028192  T1      : 0x30000000  T2      : 0x00000000  
S0/FP   : 0x4201a000  S1      : 0x00000000  A0      : 0x00000000  A1      : 0x4080fabc  
A2      : 0x00000000  A3      : 0x00000001  A4      : 0x00000000  A5      : 0x20001000  
A6      : 0x00000001  A7      : 0x0000000a  S2      : 0x00000000  S3      : 0x00000000  
S4      : 0x00000000  S5      : 0x00000000  S6      : 0x00000000  S7      : 0x00000000  
S8      : 0x00000000  S9      : 0x00000000  S10     : 0x00000000  S11     : 0x00000000  
T3      : 0x00000000  T4      : 0x00000000  T5      : 0x00000000  T6      : 0x00000000  
MSTATUS : 0x00001881  MTVEC   : 0x40800001  MCAUSE  : 0x00000002  MTVAL   : 0x00000000  
MHARTID : 0x00000000  

0x4200003c in $s10_swiftcode8app_mainyyF ()
#0  0x4200003c in $s10_swiftcode8app_mainyyF ()
Backtrace stopped: previous frame identical to this frame (corrupt stack?)
ELF file SHA256: 5ec16e847

Rebooting...
ESP-ROM:esp32c6-20220919
Build:Sep 19 2022
rst:0xc (SW_CPU),boot:0x7c (SPI_FAST_FLASH_BOOT)
Saved PC:0x4001975a
SPIWP:0xee
mode:DIO, clock div:2
load:0x40875720,len:0x1804
load:0x4086c410,len:0xe2c
load:0x4086e610,len:0x2e24
entry 0x4086c41a
[0;32mI (22) boot: ESP-IDF v5.2.2 2nd stage bootloader[0m
[0;32mI (22) boot: compile time Aug 19 2024 20:13:58[0m
[0;32mI (24) boot: chip revision: v0.0[0m
[0;32mI (25) boot.esp32c6: SPI Speed      : 80MHz[0m
[0;32mI (30) boot.esp32c6: SPI Mode       : DIO[0m
[0;32mI (34) boot.esp32c6: SPI Flash Size : 2MB[0m
[0;32mI (39) boot: Enabling RNG early entropy source...[0m
[0;32mI (45) boot: Partition Table:[0m
[0;32mI (48) boot: ## Label            Usage          Type ST Offset   Length[0m
[0;32mI (55) boot:  0 nvs              WiFi data        01 02 00009000 00006000[0m
[0;32mI (63) boot:  1 phy_init         RF data          01 01 0000f000 00001000[0m
[0;32mI (70) boot:  2 factory          factory app      00 00 00010000 00100000[0m
[0;32mI (78) boot: End of partition table[0m
[0;32mI (82) esp_image: segment 0: paddr=00010020 vaddr=42018020 size=087f8h ( 34808) map[0m
[0;32mI (105) esp_image: segment 1: paddr=00018820 vaddr=40800000 size=077f8h ( 30712) load[0m
[0;32mI (121) esp_image: segment 2: paddr=00020020 vaddr=42000020 size=10170h ( 65904) map[0m
[0;32mI (149) esp_image: segment 3: paddr=00030198 vaddr=408077f8 size=02c14h ( 11284) load[0m
[0;32mI (156) esp_image: segment 4: paddr=00032db4 vaddr=4080a410 size=01650h (  5712) load[0m
[0;32mI (165) boot: Loaded app from partition at offset 0x10000[0m
[0;32mI (166) boot: Disabling RNG early entropy source...[0m
[0;32mI (178) cpu_start: Unicore app[0m
[0;33mW (188) clk: esp_perip_clk_init() has not been implemented yet[0m
[0;32mI (194) cpu_start: Pro cpu start user code[0m
[0;32mI (194) cpu_start: cpu freq: 160000000 Hz[0m
[0;32mI (195) cpu_start: Application information:[0m
[0;32mI (197) cpu_start: Project name:     main[0m
[0;32mI (202) cpu_start: App version:      1[0m
[0;32mI (206) cpu_start: Compile time:     Aug 19 2024 20:13:50[0m
[0;32mI (212) cpu_start: ELF file SHA256:  5ec16e847...[0m
[0;32mI (218) cpu_start: ESP-IDF:          v5.2.2[0m
[0;32mI (223) cpu_start: Min chip rev:     v0.0[0m
[0;32mI (227) cpu_start: Max chip rev:     v0.99 [0m
[0;32mI (232) cpu_start: Chip rev:         v0.0[0m
[0;32mI (237) heap_init: Initializing. RAM available for dynamic allocation:[0m
[0;32mI (244) heap_init: At 4080C980 len 0006FC90 (447 KiB): RAM[0m
[0;32mI (250) heap_init: At 4087C610 len 00002F54 (11 KiB): RAM[0m
[0;32mI (256) heap_init: At 50000000 len 00003FE8 (15 KiB): RTCRAM[0m
[0;32mI (263) spi_flash: detected chip: generic[0m
[0;32mI (267) spi_flash: flash io: dio[0m
[0;33mW (271) spi_flash: Detected size(16384k) larger than the size in the binary image header(2048k). Using the size in the binary image header.[0m
[0;32mI (285) sleep: Configure to isolate all GPIO pins in sleep state[0m
[0;32mI (291) sleep: Enable automatic switching of GPIO sleep configuration[0m
[0;32mI (298) coexist: coex firmware version: d96c1e51f[0m
[0;32mI (304) coexist: coexist rom version 5b8dcfa[0m
[0;32mI (309) main_task: Started on CPU0[0m
[0;32mI (309) main_task: Calling app_main()[0m
Hello from Swift on ESP32-C6!
Guru Meditation Error: Core  0 panic'ed (Illegal instruction). Exception was unhandled.

Core  0 register dump:
MEPC    : 0x4200003c  RA      : 0x4200003c  SP      : 0x4080fae0  GP      : 0x4080ac10  
TP      : 0x40807448  T0      : 0x40028192  T1      : 0x30000000  T2      : 0x00000000  
S0/FP   : 0x4201a000  S1      : 0x00000000  A0      : 0x00000000  A1      : 0x4080fabc  
A2      : 0x00000000  A3      : 0x00000001  A4      : 0x00000000  A5      : 0x20001000  
A6      : 0x00000001  A7      : 0x0000000a  S2      : 0x00000000  S3      : 0x00000000  
S4      : 0x00000000  S5      : 0x00000000  S6      : 0x00000000  S7      : 0x00000000  
S8      : 0x00000000  S9      : 0x00000000  S10     : 0x00000000  S11     : 0x00000000  
T3      : 0x00000000  T4      : 0x00000000  T5      : 0x00000000  T6      : 0x00000000  
MSTATUS : 0x00001881  MTVEC   : 0x40800001  MCAUSE  : 0x00000002  MTVAL   : 0x00000000  
MHARTID : 0x00000000  

0x4200003c in $s10_swiftcode8app_mainyyF ()
#0  0x4200003c in $s10_swiftcode8app_mainyyF ()
Backtrace stopped: previous frame identical to this frame (corrupt stack?)
ELF file SHA256: 5ec16e847

Rebooting...
ESP-ROM:esp32c6-20220919
Build:Sep 19 2022
rst:0xc (SW_CPU),boot:0x7c (SPI_FAST_FLASH_BOOT)
Saved PC:0x4001975a
SPIWP:0xee
mode:DIO, clock div:2
load:0x40875720,len:0x1804
load:0x4086c410,len:0xe2c
load:0x4086e610,len:0x2e24
entry 0x4086c41a
[0;32mI (22) boot: ESP-IDF v5.2.2 2nd stage bootloader[0m
[0;32mI (22) boot: compile time Aug 19 2024 20:13:58[0m
[0;32mI (24) boot: chip revision: v0.0[0m
[0;32mI (25) boot.esp32c6: SPI Speed      : 80MHz[0m
[0;32mI (30) boot.esp32c6: SPI Mode       : DIO[0m
[0;32mI (34) boot.esp32c6: SPI Flash Size : 2MB[0m
[0;32mI (39) boot: Enabling RNG early entropy source...[0m
[0;32mI (45) boot: Partition Table:[0m
[0;32mI (48) boot: ## Label            Usage          Type ST Offset   Length[0m
[0;32mI (55) boot:  0 nvs              WiFi data        01 02 00009000 00006000[0m
[0;32mI (63) boot:  1 phy_init         RF data          01 01 0000f000 00001000[0m
[0;32mI (70) boot:  2 factory          factory app      00 00 00010000 00100000[0m
[0;32mI (78) boot: End of partition table[0m
[0;32mI (82) esp_image: segment 0: paddr=00010020 vaddr=42018020 size=087f8h ( 34808) map[0m
[0;32mI (105) esp_image: segment 1: paddr=00018820 vaddr=40800000 size=077f8h ( 30712) load[0m
[0;32mI (121) esp_image: segment 2: paddr=00020020 vaddr=42000020 size=10170h ( 65904) map[0m
[0;32mI (149) esp_image: segment 3: paddr=00030198 vaddr=408077f8 size=02c14h ( 11284) load[0m
[0;32mI (156) esp_image: segment 4: paddr=00032db4 vaddr=4080a410 size=01650h (  5712) load[0m
[0;32mI (165) boot: Loaded app from partition at offset 0x10000[0m
[0;32mI (166) boot: Disabling RNG early entropy source...[0m
[0;32mI (178) cpu_start: Unicore app[0m
[0;33mW (188) clk: esp_perip_clk_init() has not been implemented yet[0m
[0;32mI (194) cpu_start: Pro cpu start user code[0m
[0;32mI (194) cpu_start: cpu freq: 160000000 Hz[0m
[0;32mI (195) cpu_start: Application information:[0m
[0;32mI (197) cpu_start: Project name:     main[0m
[0;32mI (202) cpu_start: App version:      1[0m
[0;32mI (206) cpu_start: Compile time:     Aug 19 2024 20:13:50[0m
[0;32mI (212) cpu_start: ELF file SHA256:  5ec16e847...[0m
[0;32mI (218) cpu_start: ESP-IDF:          v5.2.2[0m
[0;32mI (223) cpu_start: Min chip rev:     v0.0[0m
[0;32mI (227) cpu_start: Max chip rev:     v0.99 [0m
[0;32mI (232) cpu_start: Chip rev:         v0.0[0m
[0;32mI (237) heap_init: Initializing. RAM available for dynamic allocation:[0m
[0;32mI (244) heap_init: At 4080C980 len 0006FC90 (447 KiB): RAM[0m
[0;32mI (250) heap_init: At 4087C610 len 00002F54 (11 KiB): RAM[0m
[0;32mI (256) heap_init: At 50000000 len 00003FE8 (15 KiB): RTCRAM[0m
[0;32mI (263) spi_flash: detected chip: generic[0m
[0;32mI (267) spi_flash: flash io: dio[0m
[0;33mW (271) spi_flash: Detected size(16384k) larger than the size in the binary image header(2048k). Using the size in the binary image header.[0m
[0;32mI (285) sleep: Configure to isolate all GPIO pins in sleep state[0m
[0;32mI (291) sleep: Enable automatic switching of GPIO sleep configuration[0m
[0;32mI (298) coexist: coex firmware version: d96c1e51f[0m
[0;32mI (304) coexist: coexist rom version 5b8dcfa[0m
[0;32mI (309) main_task: Started on CPU0[0m
[0;32mI (309) main_task: Calling app_main()[0m
Hello from Swift on ESP32-C6!
Guru Meditation Error: Core  0 panic'ed (Illegal instruction). Exception was unhandled.

Core  0 register dump:
MEPC    : 0x4200003c  RA      : 0x4200003c  SP      : 0x4080fae0  GP      : 0x4080ac10  
TP      : 0x40807448  T0      : 0x40028192  T1      : 0x30000000  T2      : 0x00000000  
S0/FP   : 0x4201a000  S1      : 0x00000000  A0      : 0x00000000  A1      : 0x4080fabc  
A2      : 0x00000000  A3      : 0x00000001  A4      : 0x00000000  A5      : 0x20001000  
A6      : 0x00000001  A7      : 0x0000000a  S2      : 0x00000000  S3      : 0x00000000  
S4      : 0x00000000  S5      : 0x00000000  S6      : 0x00000000  S7      : 0x00000000  
S8      : 0x00000000  S9      : 0x00000000  S10     : 0x00000000  S11     : 0x00000000  
T3      : 0x00000000  T4      : 0x00000000  T5      : 0x00000000  T6      : 0x00000000  
MSTATUS : 0x00001881  MTVEC   : 0x40800001  MCAUSE  : 0x00000002  MTVAL   : 0x00000000  
MHARTID : 0x00000000  

0x4200003c in $s10_swiftcode8app_mainyyF ()
#0  0x4200003c in $s10_swiftcode8app_mainyyF ()
Backtrace stopped: previous frame identical to this frame (corrupt stack?)
ELF file SHA256: 5ec16e847

Rebooting...
ESP-ROM:esp32c6-20220919
Build:Sep 19 2022
rst:0xc (SW_CPU),boot:0x7c (SPI_FAST_FLASH_BOOT)
Saved PC:0x4001975a
SPIWP:0xee
mode:DIO, clock div:2
load:0x40875720,len:0x1804
load:0x4086c410,len:0xe2c
load:0x4086e610,len:0x2e24
entry 0x4086c41a
[0;32mI (22) boot: ESP-IDF v5.2.2 2nd stage bootloader[0m
[0;32mI (22) boot: compile time Aug 19 2024 20:13:58[0m
[0;32mI (24) boot: chip revision: v0.0[0m
[0;32mI (25) boot.esp32c6: SPI Speed      : 80MHz[0m
[0;32mI (30) boot.esp32c6: SPI Mode       : DIO[0m
[0;32mI (34) boot.esp32c6: SPI Flash Size : 2MB[0m
[0;32mI (39) boot: Enabling RNG early entropy source...[0m
[0;32mI (45) boot: Partition Table:[0m
[0;32mI (48) boot: ## Label            Usage          Type ST Offset   Length[0m
[0;32mI (55) boot:  0 nvs              WiFi data        01 02 00009000 00006000[0m
[0;32mI (63) boot:  1 phy_init         RF data          01 01 0000f000 00001000[0m
[0;32mI (70) boot:  2 factory          factory app      00 00 00010000 00100000[0m
[0;32mI (78) boot: End of partition table[0m
[0;32mI (82) esp_image: segment 0: paddr=00010020 vaddr=42018020 size=087f8h ( 34808) map[0m
[0;32mI (105) esp_image: segment 1: paddr=00018820 vaddr=40800000 size=077f8h ( 30712) load[0m
[0;32mI (121) esp_image: segment 2: paddr=00020020 vaddr=42000020 size=10170h ( 65904) map[0m
[0;32mI (149) esp_image: segment 3: paddr=00030198 vaddr=408077f8 size=02c14h ( 11284) load[0m
[0;32mI (156) esp_image: segment 4: paddr=00032db4 vaddr=4080a410 size=01650h (  5712) load[0m
[0;32mI (165) boot: Loaded app from partition at offset 0x10000[0m
[0;32mI (166) boot: Disabling RNG early entropy source...[0m
[0;32mI (178) cpu_start: Unicore app[0m
[0;33mW (188) clk: esp_perip_clk_init() has not been implemented yet[0m
[0;32mI (194) cpu_start: Pro cpu start user code[0m
[0;32mI (194) cpu_start: cpu freq: 160000000 Hz[0m
[0;32mI (195) cpu_start: Application information:[0m
[0;32mI (197) cpu_start: Project name:     main[0m
[0;32mI (202) cpu_start: App version:      1[0m
[0;32mI (206) cpu_start: Compile time:     Aug 19 2024 20:13:50[0m
[0;32mI (212) cpu_start: ELF file SHA256:  5ec16e847...[0m
[0;32mI (218) cpu_start: ESP-IDF:          v5.2.2[0m
[0;32mI (223) cpu_start: Min chip rev:     v0.0[0m
[0;32mI (227) cpu_start: Max chip rev:     v0.99 [0m
[0;32mI (232) cpu_start: Chip rev:         v0.0[0m
[0;32mI (237) heap_init: Initializing. RAM available for dynamic allocation:[0m
[0;32mI (244) heap_init: At 4080C980 len 0006FC90 (447 KiB): RAM[0m
[0;32mI (250) heap_init: At 4087C610 len 00002F54 (11 KiB): RAM[0m
[0;32mI (256) heap_init: At 50000000 len 00003FE8 (15 KiB): RTCRAM[0m
[0;32mI (263) spi_flash: detected chip: generic[0m
[0;32mI (267) spi_flash: flash io: dio[0m
[0;33mW (271) spi_flash: Detected size(16384k) larger than the size in the binary image header(2048k). Using the size in the binary image header.[0m
[0;32mI (285) sleep: Configure to isolate all GPIO pins in sleep state[0m
[0;32mI (291) sleep: Enable automatic switching of GPIO sleep configuration[0m
[0;32mI (298) coexist: coex firmware version: d96c1e51f[0m
[0;32mI (304) coexist: coexist rom version 5b8dcfa[0m
[0;32mI (309) main_task: Started on CPU0[0m
[0;32mI (309) main_task: Calling app_main()[0m
Hello from Swift on ESP32-C6!
Guru Meditation Error: Core  0 panic'ed (Illegal instruction). Exception was unhandled.

Core  0 register dump:
MEPC    : 0x4200003c  RA      : 0x4200003c  SP      : 0x4080fae0  GP      : 0x4080ac10  
TP      : 0x40807448  T0      : 0x40028192  T1      : 0x30000000  T2      : 0x00000000  
S0/FP   : 0x4201a000  S1      : 0x00000000  A0      : 0x00000000  A1      : 0x4080fabc  
A2      : 0x00000000  A3      : 0x00000001  A4      : 0x00000000  A5      : 0x20001000  
A6      : 0x00000001  A7      : 0x0000000a  S2      : 0x00000000  S3      : 0x00000000  
S4      : 0x00000000  S5      : 0x00000000  S6      : 0x00000000  S7      : 0x00000000  
S8      : 0x00000000  S9      : 0x00000000  S10     : 0x00000000  S11     : 0x00000000  
T3      : 0x00000000  T4      : 0x00000000  T5      : 0x00000000  T6      : 0x00000000  
MSTATUS : 0x00001881  MTVEC   : 0x40800001  MCAUSE  : 0x00000002  MTVAL   : 0x00000000  
MHARTID : 0x00000000  

0x4200003c in $s10_swiftcode8app_mainyyF ()
#0  0x4200003c in $s10_swiftcode8app_mainyyF ()
Backtrace stopped: previous frame identical to this frame (corrupt stack?)
ELF file SHA256: 5ec16e847

Rebooting...
ESP-ROM:esp32c6-20220919
Build:Sep 19 2022
rst:0xc (SW_CPU),boot:0x7c (SPI_FAST_FLASH_BOOT)
Saved PC:0x4001975a
SPIWP:0xee
mode:DIO, clock div:2
load:0x40875720,len:0x1804
load:0x4086c410,len:0xe2c
load:0x4086e610,len:0x2e24
entry 0x4086c41a
[0;32mI (22) boot: ESP-IDF v5.2.2 2nd stage bootloader[0m
[0;32mI (22) boot: compile time Aug 19 2024 20:13:58[0m
[0;32mI (24) boot: chip revision: v0.0[0m
[0;32mI (25) boot.esp32c6: SPI Speed      : 80MHz[0m
[0;32mI (30) boot.esp32c6: SPI Mode       : DIO[0m
[0;32mI (34) boot.esp32c6: SPI Flash Size : 2MB[0m
[0;32mI (39) boot: Enabling RNG early entropy source...[0m
[0;32mI (45) boot: Partition Table:[0m
[0;32mI (48) boot: ## Label            Usage          Type ST Offset   Length[0m
[0;32mI (55) boot:  0 nvs              WiFi data        01 02 00009000 00006000[0m
[0;32mI (63) boot:  1 phy_init         RF data          01 01 0000f000 00001000[0m
[0;32mI (70) boot:  2 factory          factory app      00 00 00010000 00100000[0m
[0;32mI (78) boot: End of partition table[0m
[0;32mI (82) esp_image: segment 0: paddr=00010020 vaddr=42018020 size=087f8h ( 34808) map[0m
[0;32mI (105) esp_image: segment 1: paddr=00018820 vaddr=40800000 size=077f8h ( 30712) load[0m
[0;32mI (121) esp_image: segment 2: paddr=00020020 vaddr=42000020 size=10170h ( 65904) map[0m
[0;32mI (149) esp_image: segment 3: paddr=00030198 vaddr=408077f8 size=02c14h ( 11284) load[0m
[0;32mI (156) esp_image: segment 4: paddr=00032db4 vaddr=4080a410 size=01650h (  5712) load[0m
[0;32mI (165) boot: Loaded app from partition at offset 0x10000[0m
[0;32mI (166) boot: Disabling RNG early entropy source...[0m
[0;32mI (178) cpu_start: Unicore app[0m
[0;33mW (188) clk: esp_perip_clk_init() has not been implemented yet[0m
[0;32mI (194) cpu_start: Pro cpu start user code[0m
[0;32mI (194) cpu_start: cpu freq: 160000000 Hz[0m
[0;32mI (195) cpu_start: Application information:[0m
[0;32mI (197) cpu_start: Project name:     main[0m
[0;32mI (202) cpu_start: App version:      1[0m
[0;32mI (206) cpu_start: Compile time:     Aug 19 2024 20:13:50[0m
[0;32mI (212) cpu_start: ELF file SHA256:  5ec16e847...[0m
[0;32mI (218) cpu_start: ESP-IDF:          v5.2.2[0m
[0;32mI (223) cpu_start: Min chip rev:     v0.0[0m
[0;32mI (227) cpu_start: Max chip rev:     v0.99 [0m
[0;32mI (232) cpu_start: Chip rev:         v0.0[0m
[0;32mI (237) heap_init: Initializing. RAM available for dynamic allocation:[0m
[0;32mI (244) heap_init: At 4080C980 len 0006FC90 (447 KiB): RAM[0m
[0;32mI (250) heap_init: At 4087C610 len 00002F54 (11 KiB): RAM[0m
[0;32mI (256) heap_init: At 50000000 len 00003FE8 (15 KiB): RTCRAM[0m
[0;32mI (263) spi_flash: detected chip: generic[0m
[0;32mI (267) spi_flash: flash io: dio[0m
[0;33mW (271) spi_flash: Detected size(16384k) larger than the size in the binary image header(2048k). Using the size in the binary image header.[0m
[0;32mI (285) sleep: Configure to isolate all GPIO pins in sleep state[0m
[0;32mI (291) sleep: Enable automatic switching of GPIO sleep configuration[0m
[0;32mI (298) coexist: coex firmware version: d96c1e51f[0m
[0;32mI (304) coexist: coexist rom version 5b8dcfa[0m
[0;32mI (309) main_task: Started on CPU0[0m
[0;32mI (309) main_task: Calling app_main()[0m
Hello from Swift on ESP32-C6!
Guru Meditation Error: Core  0 panic'ed (Illegal instruction). Exception was unhandled.

Core  0 register dump:
MEPC    : 0x4200003c  RA      : 0x4200003c  SP      : 0x4080fae0  GP      : 0x4080ac10  
TP      : 0x40807448  T0      : 0x40028192  T1      : 0x30000000  T2      : 0x00000000  
S0/FP   : 0x4201a000  S1      : 0x00000000  A0      : 0x00000000  A1      : 0x4080fabc  
A2      : 0x00000000  A3      : 0x00000001  A4      : 0x00000000  A5      : 0x20001000  
A6      : 0x00000001  A7      : 0x0000000a  S2      : 0x00000000  S3      : 0x00000000  
S4      : 0x00000000  S5      : 0x00000000  S6      : 0x00000000  S7      : 0x00000000  
S8      : 0x00000000  S9      : 0x00000000  S10     : 0x00000000  S11     : 0x00000000  
T3      : 0x00000000  T4      : 0x00000000  T5      : 0x00000000  T6      : 0x00000000  
MSTATUS : 0x00001881  MTVEC   : 0x40800001  MCAUSE  : 0x00000002  MTVAL   : 0x00000000  
MHARTID : 0x00000000  

0x4200003c in $s10_swiftcode8app_mainyyF ()
#0  0x4200003c in $s10_swiftcode8app_mainyyF ()
Backtrace stopped: previous frame identical to this frame (corrupt stack?)
ELF file SHA256: 5ec16e847

Rebooting...
ESP-ROM:esp32c6-20220919
Build:Sep 19 2022
rst:0xc (SW_CPU),boot:0x7c (SPI_FAST_FLASH_BOOT)
Saved PC:0x4001975a
SPIWP:0xee
mode:DIO, clock div:2
load:0x40875720,len:0x1804
load:0x4086c410,len:0xe2c
load:0x4086e610,len:0x2e24
entry 0x4086c41a
[0;32mI (22) boot: ESP-IDF v5.2.2 2nd stage bootloader[0m
[0;32mI (22) boot: compile time Aug 19 2024 20:13:58[0m
[0;32mI (24) boot: chip revision: v0.0[0m
[0;32mI (25) boot.esp32c6: SPI Speed      : 80MHz[0m
[0;32mI (30) boot.esp32c6: SPI Mode       : DIO[0m
[0;32mI (34) boot.esp32c6: SPI Flash Size : 2MB[0m
[0;32mI (39) boot: Enabling RNG early entropy source...[0m
[0;32mI (45) boot: Partition Table:[0m
[0;32mI (48) boot: ## Label            Usage          Type ST Offset   Length[0m
[0;32mI (55) boot:  0 nvs              WiFi data        01 02 00009000 00006000[0m
[0;32mI (63) boot:  1 phy_init         RF data          01 01 0000f000 00001000[0m
[0;32mI (70) boot:  2 factory          factory app      00 00 00010000 00100000[0m
[0;32mI (78) boot: End of partition table[0m
[0;32mI (82) esp_image: segment 0: paddr=00010020 vaddr=42018020 size=087f8h ( 34808) map[0m
[0;32mI (105) esp_image: segment 1: paddr=00018820 vaddr=40800000 size=077f8h ( 30712) load[0m
[0;32mI (121) esp_image: segment 2: paddr=00020020 vaddr=42000020 size=10170h ( 65904) map[0m
[0;32mI (149) esp_image: segment 3: paddr=00030198 vaddr=408077f8 size=02c14h ( 11284) load[0m
[0;32mI (156) esp_image: segment 4: paddr=00032db4 vaddr=4080a410 size=01650h (  5712) load[0m
[0;32mI (165) boot: Loaded app from partition at offset 0x10000[0m
[0;32mI (166) boot: Disabling RNG early entropy source...[0m
[0;32mI (178) cpu_start: Unicore app[0m
[0;33mW (188) clk: esp_perip_clk_init() has not been implemented yet[0m
[0;32mI (194) cpu_start: Pro cpu start user code[0m
[0;32mI (194) cpu_start: cpu freq: 160000000 Hz[0m
[0;32mI (195) cpu_start: Application information:[0m
[0;32mI (197) cpu_start: Project name:     main[0m
[0;32mI (202) cpu_start: App version:      1[0m
[0;32mI (206) cpu_start: Compile time:     Aug 19 2024 20:13:50[0m
[0;32mI (212) cpu_start: ELF file SHA256:  5ec16e847...[0m
[0;32mI (218) cpu_start: ESP-IDF:          v5.2.2[0m
[0;32mI (223) cpu_start: Min chip rev:     v0.0[0m
[0;32mI (227) cpu_start: Max chip rev:     v0.99 [0m
[0;32mI (232) cpu_start: Chip rev:         v0.0[0m
[0;32mI (237) heap_init: Initializing. RAM available for dynamic allocation:[0m
[0;32mI (244) heap_init: At 4080C980 len 0006FC90 (447 KiB): RAM[0m
[0;32mI (250) heap_init: At 4087C610 len 00002F54 (11 KiB): RAM[0m
[0;32mI (256) heap_init: At 50000000 len 00003FE8 (15 KiB): RTCRAM[0m
[0;32mI (263) spi_flash: detected chip: generic[0m
[0;32mI (267) spi_flash: flash io: dio[0m
[0;33mW (271) spi_flash: Detected size(16384k) larger than the size in the binary image header(2048k). Using the size in the binary image header.[0m
[0;32mI (285) sleep: Configure to isolate all GPIO pins in sleep state[0m
[0;32mI (291) sleep: Enable automatic switching of GPIO sleep configuration[0m
[0;32mI (298) coexist: coex firmware version: d96c1e51f[0m
[0;32mI (304) coexist: coexist rom version 5b8dcfa[0m
[0;32mI (309) main_task: Started on CPU0[0m
[0;32mI (309) main_task: Calling app_main()[0m
Hello from Swift on ESP32-C6!
Guru Meditation Error: Core  0 panic'ed (Illegal instruction). Exception was unhandled.

Core  0 register dump:
MEPC    : 0x4200003c  RA      : 0x4200003c  SP      : 0x4080fae0  GP      : 0x4080ac10  
TP      : 0x40807448  T0      : 0x40028192  T1      : 0x30000000  T2      : 0x00000000  
S0/FP   : 0x4201a000  S1      : 0x00000000  A0      : 0x00000000  A1      : 0x4080fabc  
A2      : 0x00000000  A3      : 0x00000001  A4      : 0x00000000  A5      : 0x20001000  
A6      : 0x00000001  A7      : 0x0000000a  S2      : 0x00000000  S3      : 0x00000000  
S4      : 0x00000000  S5      : 0x00000000  S6      : 0x00000000  S7      : 0x00000000  
S8      : 0x00000000  S9      : 0x00000000  S10     : 0x00000000  S11     : 0x00000000  
T3      : 0x00000000  T4      : 0x00000000  T5      : 0x00000000  T6      : 0x00000000  
MSTATUS : 0x00001881  MTVEC   : 0x40800001  MCAUSE  : 0x00000002  MTVAL   : 0x00000000  
MHARTID : 0x00000000  

0x4200003c in $s10_swiftcode8app_mainyyF ()
#0  0x4200003c in $s10_swiftcode8app_mainyyF ()
Backtrace stopped: previous frame identical to this frame (corrupt stack?)
ELF file SHA256: 5ec16e847

Rebooting...
ESP-ROM:esp32c6-20220919
Build:Sep 19 2022
rst:0xc (SW_CPU),boot:0x7c (SPI_FAST_FLASH_BOOT)
Saved PC:0x4001975a
SPIWP:0xee
mode:DIO, clock div:2
load:0x40875720,len:0x1804
load:0x4086c410,len:0xe2c
load:0x4086e610,len:0x2e24
entry 0x4086c41a
[0;32mI (22) boot: ESP-IDF v5.2.2 2nd stage bootloader[0m
[0;32mI (22) boot: compile time Aug 19 2024 20:13:58[0m
[0;32mI (24) boot: chip revision: v0.0[0m
[0;32mI (25) boot.esp32c6: SPI Speed      : 80MHz[0m
[0;32mI (30) boot.esp32c6: SPI Mode       : DIO[0m
[0;32mI (34) boot.esp32c6: SPI Flash Size : 2MB[0m
[0;32mI (39) boot: Enabling RNG early entropy source...[0m
[0;32mI (45) boot: Partition Table:[0m
[0;32mI (48) boot: ## Label            Usage          Type ST Offset   Length[0m
[0;32mI (55) boot:  0 nvs              WiFi data        01 02 00009000 00006000[0m
[0;32mI (63) boot:  1 phy_init         RF data          01 01 0000f000 00001000[0m
[0;32mI (70) boot:  2 factory          factory app      00 00 00010000 00100000[0m
[0;32mI (78) boot: End of partition table[0m
[0;32mI (82) esp_image: segment 0: paddr=00010020 vaddr=42018020 size=087f8h ( 34808) map[0m
[0;32mI (105) esp_image: segment 1: paddr=00018820 vaddr=40800000 size=077f8h ( 30712) load[0m
[0;32mI (121) esp_image: segment 2: paddr=00020020 vaddr=42000020 size=10170h ( 65904) map[0m
[0;32mI (149) esp_image: segment 3: paddr=00030198 vaddr=408077f8 size=02c14h ( 11284) load[0m
[0;32mI (156) esp_image: segment 4: paddr=00032db4 vaddr=4080a410 size=01650h (  5712) load[0m
[0;32mI (165) boot: Loaded app from partition at offset 0x10000[0m
[0;32mI (166) boot: Disabling RNG early entropy source...[0m
[0;32mI (178) cpu_start: Unicore app[0m
[0;33mW (188) clk: esp_perip_clk_init() has not been implemented yet[0m
[0;32mI (194) cpu_start: Pro cpu start user code[0m
[0;32mI (194) cpu_start: cpu freq: 160000000 Hz[0m
[0;32mI (195) cpu_start: Application information:[0m
[0;32mI (197) cpu_start: Project name:     main[0m
[0;32mI (202) cpu_start: App version:      1[0m
[0;32mI (206) cpu_start: Compile time:     Aug 19 2024 20:13:50[0m
[0;32mI (212) cpu_start: ELF file SHA256:  5ec16e847...[0m
[0;32mI (218) cpu_start: ESP-IDF:          v5.2.2[0m
[0;32mI (223) cpu_start: Min chip rev:     v0.0[0m
[0;32mI (227) cpu_start: Max chip rev:     v0.99 [0m
[0;32mI (232) cpu_start: Chip rev:         v0.0[0m
[0;32mI (237) heap_init: Initializing. RAM available for dynamic allocation:[0m
[0;32mI (244) heap_init: At 4080C980 len 0006FC90 (447 KiB): RAM[0m
[0;32mI (250) heap_init: At 4087C610 len 00002F54 (11 KiB): RAM[0m
[0;32mI (256) heap_init: At 50000000 len 00003FE8 (15 KiB): RTCRAM[0m
[0;32mI (263) spi_flash: detected chip: generic[0m
[0;32mI (267) spi_flash: flash io: dio[0m
[0;33mW (271) spi_flash: Detected size(16384k) larger than the size in the binary image header(2048k). Using the size in the binary image header.[0m
[0;32mI (285) sleep: Configure to isolate all GPIO pins in sleep state[0m
[0;32mI (291) sleep: Enable automatic switching of GPIO sleep configuration[0m
[0;32mI (298) coexist: coex firmware version: d96c1e51f[0m
[0;32mI (304) coexist: coexist rom version 5b8dcfa[0m
[0;32mI (309) main_task: Started on CPU0[0m
[0;32mI (309) main_task: Calling app_main()[0m
Hello from Swift on ESP32-C6!
Guru Meditation Error: Core  0 panic'ed (Illegal instruction). Exception was unhandled.

Core  0 register dump:
MEPC    : 0x4200003c  RA      : 0x4200003c  SP      : 0x4080fae0  GP      : 0x4080ac10  
TP      : 0x40807448  T0      : 0x40028192  T1      : 0x30000000  T2      : 0x00000000  
S0/FP   : 0x4201a000  S1      : 0x00000000  A0      : 0x00000000  A1      : 0x4080fabc  
A2      : 0x00000000  A3      : 0x00000001  A4      : 0x00000000  A5      : 0x20001000  
A6      : 0x00000001  A7      : 0x0000000a  S2      : 0x00000000  S3      : 0x00000000  
S4      : 0x00000000  S5      : 0x00000000  S6      : 0x00000000  S7      : 0x00000000  
S8      : 0x00000000  S9      : 0x00000000  S10     : 0x00000000  S11     : 0x00000000  
T3      : 0x00000000  T4      : 0x00000000  T5      : 0x00000000  T6      : 0x00000000  
MSTATUS : 0x00001881  MTVEC   : 0x40800001  MCAUSE  : 0x00000002  MTVAL   : 0x00000000  
MHARTID : 0x00000000  

0x4200003c in $s10_swiftcode8app_mainyyF ()
#0  0x4200003c in $s10_swiftcode8app_mainyyF ()
Backtrace stopped: previous frame identical to this frame (corrupt stack?)
ELF file SHA256: 5ec16e847

Rebooting...
ESP-ROM:esp32c6-20220919
Build:Sep 19 2022
rst:0xc (SW_CPU),boot:0x7c (SPI_FAST_FLASH_BOOT)
Saved PC:0x4001975a
SPIWP:0xee
mode:DIO, clock div:2
load:0x40875720,len:0x1804
load:0x4086c410,len:0xe2c
load:0x4086e610,len:0x2e24
entry 0x4086c41a
[0;32mI (22) boot: ESP-IDF v5.2.2 2nd stage bootloader[0m
[0;32mI (22) boot: compile time Aug 19 2024 20:13:58[0m
[0;32mI (24) boot: chip revision: v0.0[0m
[0;32mI (25) boot.esp32c6: SPI Speed      : 80MHz[0m
[0;32mI (30) boot.esp32c6: SPI Mode       : DIO[0m
[0;32mI (34) boot.esp32c6: SPI Flash Size : 2MB[0m
[0;32mI (39) boot: Enabling RNG early entropy source...[0m
[0;32mI (45) boot: Partition Table:[0m
[0;32mI (48) boot: ## Label            Usage          Type ST Offset   Length[0m
[0;32mI (55) boot:  0 nvs              WiFi data        01 02 00009000 00006000[0m
[0;32mI (63) boot:  1 phy_init         RF data          01 01 0000f000 00001000[0m
[0;32mI (70) boot:  2 factory          factory app      00 00 00010000 00100000[0m
[0;32mI (78) boot: End of partition table[0m
[0;32mI (82) esp_image: segment 0: paddr=00010020 vaddr=42018020 size=087f8h ( 34808) map[0m
[0;32mI (105) esp_image: segment 1: paddr=00018820 vaddr=40800000 size=077f8h ( 30712) load[0m
[0;32mI (121) esp_image: segment 2: paddr=00020020 vaddr=42000020 size=10170h ( 65904) map[0m
[0;32mI (149) esp_image: segment 3: paddr=00030198 vaddr=408077f8 size=02c14h ( 11284) load[0m
[0;32mI (156) esp_image: segment 4: paddr=00032db4 vaddr=4080a410 size=01650h (  5712) load[0m
[0;32mI (165) boot: Loaded app from partition at offset 0x10000[0m
[0;32mI (166) boot: Disabling RNG early entropy source...[0m
[0;32mI (178) cpu_start: Unicore app[0m
[0;33mW (188) clk: esp_perip_clk_init() has not been implemented yet[0m
[0;32mI (194) cpu_start: Pro cpu start user code[0m
[0;32mI (194) cpu_start: cpu freq: 160000000 Hz[0m
[0;32mI (195) cpu_start: Application information:[0m
[0;32mI (197) cpu_start: Project name:     main[0m
[0;32mI (202) cpu_start: App version:      1[0m
[0;32mI (206) cpu_start: Compile time:     Aug 19 2024 20:13:50[0m
[0;32mI (212) cpu_start: ELF file SHA256:  5ec16e847...[0m
[0;32mI (218) cpu_start: ESP-IDF:          v5.2.2[0m
[0;32mI (223) cpu_start: Min chip rev:     v0.0[0m
[0;32mI (227) cpu_start: Max chip rev:     v0.99 [0m
[0;32mI (232) cpu_start: Chip rev:         v0.0[0m
[0;32mI (237) heap_init: Initializing. RAM available for dynamic allocation:[0m
[0;32mI (244) heap_init: At 4080C980 len 0006FC90 (447 KiB): RAM[0m
[0;32mI (250) heap_init: At 4087C610 len 00002F54 (11 KiB): RAM[0m
[0;32mI (256) heap_init: At 50000000 len 00003FE8 (15 KiB): RTCRAM[0m
[0;32mI (263) spi_flash: detected chip: generic[0m
[0;32mI (267) spi_flash: flash io: dio[0m
[0;33mW (271) spi_flash: Detected size(16384k) larger than the size in the binary image header(2048k). Using the size in the binary image header.[0m
[0;32mI (285) sleep: Configure to isolate all GPIO pins in sleep state[0m
[0;32mI (291) sleep: Enable automatic switching of GPIO sleep configuration[0m
[0;32mI (298) coexist: coex firmware version: d96c1e51f[0m
[0;32mI (304) coexist: coexist rom version 5b8dcfa[0m
[0;32mI (309) main_task: Started on CPU0[0m
[0;32mI (309) main_task: Calling app_main()[0m
Hello from Swift on ESP32-C6!
Guru Meditation Error: Core  0 panic'ed (Illegal instruction). Exception was unhandled.

Core  0 register dump:
MEPC    : 0x4200003c  RA      : 0x4200003c  SP      : 0x4080fae0  GP      : 0x4080ac10  
TP      : 0x40807448  T0      : 0x40028192  T1      : 0x30000000  T2      : 0x00000000  
S0/FP   : 0x4201a000  S1      : 0x00000000  A0      : 0x00000000  A1      : 0x4080fabc  
A2      : 0x00000000  A3      : 0x00000001  A4      : 0x00000000  A5      : 0x20001000  
A6      : 0x00000001  A7      : 0x0000000a  S2      : 0x00000000  S3      : 0x00000000  
S4      : 0x00000000  S5      : 0x00000000  S6      : 0x00000000  S7      : 0x00000000  
S8      : 0x00000000  S9      : 0x00000000  S10     : 0x00000000  S11     : 0x00000000  
T3      : 0x00000000  T4      : 0x00000000  T5      : 0x00000000  T6      : 0x00000000  
MSTATUS : 0x00001881  MTVEC   : 0x40800001  MCAUSE  : 0x00000002  MTVAL   : 0x00000000  
MHARTID : 0x00000000  

0x4200003c in $s10_swiftcode8app_mainyyF ()
#0  0x4200003c in $s10_swiftcode8app_mainyyF ()
Backtrace stopped: previous frame identical to this frame (corrupt stack?)
ELF file SHA256: 5ec16e847

Rebooting...
ESP-ROM:esp32c6-20220919
Build:Sep 19 2022
rst:0xc (SW_CPU),boot:0x7c (SPI_FAST_FLASH_BOOT)
Saved PC:0x4001975a
SPIWP:0xee
mode:DIO, clock div:2
load:0x40875720,len:0x1804
load:0x4086c410,len:0xe2c
load:0x4086e610,len:0x2e24
entry 0x4086c41a
[0;32mI (22) boot: ESP-IDF v5.2.2 2nd stage bootloader[0m
[0;32mI (22) boot: compile time Aug 19 2024 20:13:58[0m
[0;32mI (24) boot: chip revision: v0.0[0m
[0;32mI (25) boot.esp32c6: SPI Speed      : 80MHz[0m
[0;32mI (30) boot.esp32c6: SPI Mode       : DIO[0m
[0;32mI (34) boot.esp32c6: SPI Flash Size : 2MB[0m
[0;32mI (39) boot: Enabling RNG early entropy source...[0m
[0;32mI (45) boot: Partition Table:[0m
[0;32mI (48) boot: ## Label            Usage          Type ST Offset   Length[0m
[0;32mI (55) boot:  0 nvs              WiFi data        01 02 00009000 00006000[0m
[0;32mI (63) boot:  1 phy_init         RF data          01 01 0000f000 00001000[0m
[0;32mI (70) boot:  2 factory          factory app      00 00 00010000 00100000[0m
[0;32mI (78) boot: End of partition table[0m
[0;32mI (82) esp_image: segment 0: paddr=00010020 vaddr=42018020 size=087f8h ( 34808) map[0m
[0;32mI (105) esp_image: segment 1: paddr=00018820 vaddr=40800000 size=077f8h ( 30712) load[0m
[0;32mI (121) esp_image: segment 2: paddr=00020020 vaddr=42000020 size=10170h ( 65904) map[0m
[0;32mI (149) esp_image: segment 3: paddr=00030198 vaddr=408077f8 size=02c14h ( 11284) load[0m
[0;32mI (156) esp_image: segment 4: paddr=00032db4 vaddr=4080a410 size=01650h (  5712) load[0m
[0;32mI (165) boot: Loaded app from partition at offset 0x10000[0m
[0;32mI (166) boot: Disabling RNG early entropy source...[0m
[0;32mI (178) cpu_start: Unicore app[0m
[0;33mW (188) clk: esp_perip_clk_init() has not been implemented yet[0m
[0;32mI (194) cpu_start: Pro cpu start user code[0m
[0;32mI (194) cpu_start: cpu freq: 160000000 Hz[0m
[0;32mI (195) cpu_start: Application information:[0m
[0;32mI (197) cpu_start: Project name:     main[0m
[0;32mI (202) cpu_start: App version:      1[0m
[0;32mI (206) cpu_start: Compile time:     Aug 19 2024 20:13:50[0m
[0;32mI (212) cpu_start: ELF file SHA256:  5ec16e847...[0m
[0;32mI (218) cpu_start: ESP-IDF:          v5.2.2[0m
[0;32mI (223) cpu_start: Min chip rev:     v0.0[0m
[0;32mI (227) cpu_start: Max chip rev:     v0.99 [0m
[0;32mI (232) cpu_start: Chip rev:         v0.0[0m
[0;32mI (237) heap_init: Initializing. RAM available for dynamic allocation:[0m
[0;32mI (244) heap_init: At 4080C980 len 0006FC90 (447 KiB): RAM[0m
[0;32mI (250) heap_init: At 4087C610 len 00002F54 (11 KiB): RAM[0m
[0;32mI (256) heap_init: At 50000000 len 00003FE8 (15 KiB): RTCRAM[0m
[0;32mI (263) spi_flash: detected chip: generic[0m
[0;32mI (267) spi_flash: flash io: dio[0m
[0;33mW (271) spi_flash: Detected size(16384k) larger than the size in the binary image header(2048k). Using the size in the binary image header.[0m
[0;32mI (285) sleep: Configure to isolate all GPIO pins in sleep state[0m
[0;32mI (291) sleep: Enable automatic switching of GPIO sleep configuration[0m
[0;32mI (298) coexist: coex firmware version: d96c1e51f[0m
[0;32mI (304) coexist: coexist rom version 5b8dcfa[0m
[0;32mI (309) main_task: Started on CPU0[0m
[0;32mI (309) main_task: Calling app_main()[0m
Hello from Swift on ESP32-C6!
Guru Meditation Error: Core  0 panic'ed (Illegal instruction). Exception was unhandled.

Core  0 register dump:
MEPC    : 0x4200003c  RA      : 0x4200003c  SP      : 0x4080fae0  GP      : 0x4080ac10  
TP      : 0x40807448  T0      : 0x40028192  T1      : 0x30000000  T2      : 0x00000000  
S0/FP   : 0x4201a000  S1      : 0x00000000  A0      : 0x00000000  A1      : 0x4080fabc  
A2      : 0x00000000  A3      : 0x00000001  A4      : 0x00000000  A5      : 0x20001000  
A6      : 0x00000001  A7      : 0x0000000a  S2      : 0x00000000  S3      : 0x00000000  
S4      : 0x00000000  S5      : 0x00000000  S6      : 0x00000000  S7      : 0x00000000  
S8      : 0x00000000  S9      : 0x00000000  S10     : 0x00000000  S11     : 0x00000000  
T3      : 0x00000000  T4      : 0x00000000  T5      : 0x00000000  T6      : 0x00000000  
MSTATUS : 0x00001881  MTVEC   : 0x40800001  MCAUSE  : 0x00000002  MTVAL   : 0x00000000  
MHARTID : 0x00000000  

0x4200003c in $s10_swiftcode8app_mainyyF ()
#0  0x4200003c in $s10_swiftcode8app_mainyyF ()
Backtrace stopped: previous frame identical to this frame (corrupt stack?)
ELF file SHA256: 5ec16e847

Rebooting...
ESP-ROM:esp32c6-20220919
Build:Sep 19 2022
rst:0xc (SW_CPU),boot:0x7c (SPI_FAST_FLASH_BOOT)
Saved PC:0x4001975a
SPIWP:0xee
mode:DIO, clock div:2
load:0x40875720,len:0x1804
load:0x4086c410,len:0xe2c
load:0x4086e610,len:0x2e24
entry 0x4086c41a
[0;32mI (22) boot: ESP-IDF v5.2.2 2nd stage bootloader[0m
[0;32mI (22) boot: compile time Aug 19 2024 20:13:58[0m
[0;32mI (24) boot: chip revision: v0.0[0m
[0;32mI (25) boot.esp32c6: SPI Speed      : 80MHz[0m
[0;32mI (30) boot.esp32c6: SPI Mode       : DIO[0m
[0;32mI (34) boot.esp32c6: SPI Flash Size : 2MB[0m
[0;32mI (39) boot: Enabling RNG early entropy source...[0m
[0;32mI (45) boot: Partition Table:[0m
[0;32mI (48) boot: ## Label            Usage          Type ST Offset   Length[0m
[0;32mI (55) boot:  0 nvs              WiFi data        01 02 00009000 00006000[0m
[0;32mI (63) boot:  1 phy_init         RF data          01 01 0000f000 00001000[0m
[0;32mI (70) boot:  2 factory          factory app      00 00 00010000 00100000[0m
[0;32mI (78) boot: End of partition table[0m
[0;32mI (82) esp_image: segment 0: paddr=00010020 vaddr=42018020 size=087f8h ( 34808) map[0m
[0;32mI (105) esp_image: segment 1: paddr=00018820 vaddr=40800000 size=077f8h ( 30712) load[0m
[0;32mI (121) esp_image: segment 2: paddr=00020020 vaddr=42000020 size=10170h ( 65904) map[0m
[0;32mI (149) esp_image: segment 3: paddr=00030198 vaddr=408077f8 size=02c14h ( 11284) load[0m
[0;32mI (156) esp_image: segment 4: paddr=00032db4 vaddr=4080a410 size=01650h (  5712) load[0m
[0;32mI (165) boot: Loaded app from partition at offset 0x10000[0m
[0;32mI (166) boot: Disabling RNG early entropy source...[0m
[0;32mI (178) cpu_start: Unicore app[0m
[0;33mW (188) clk: esp_perip_clk_init() has not been implemented yet[0m
[0;32mI (194) cpu_start: Pro cpu start user code[0m
[0;32mI (194) cpu_start: cpu freq: 160000000 Hz[0m
[0;32mI (195) cpu_start: Application information:[0m
[0;32mI (197) cpu_start: Project name:     main[0m
[0;32mI (202) cpu_start: App version:      1[0m
[0;32mI (206) cpu_start: Compile time:     Aug 19 2024 20:13:50[0m
[0;32mI (212) cpu_start: ELF file SHA256:  5ec16e847...[0m
[0;32mI (218) cpu_start: ESP-IDF:          v5.2.2[0m
[0;32mI (223) cpu_start: Min chip rev:     v0.0[0m
[0;32mI (227) cpu_start: Max chip rev:     v0.99 [0m
[0;32mI (232) cpu_start: Chip rev:         v0.0[0m
[0;32mI (237) heap_init: Initializing. RAM available for dynamic allocation:[0m
[0;32mI (244) heap_init: At 4080C980 len 0006FC90 (447 KiB): RAM[0m
[0;32mI (250) heap_init: At 4087C610 len 00002F54 (11 KiB): RAM[0m
[0;32mI (256) heap_init: At 50000000 len 00003FE8 (15 KiB): RTCRAM[0m
[0;32mI (263) spi_flash: detected chip: generic[0m
[0;32mI (267) spi_flash: flash io: dio[0m
[0;33mW (271) spi_flash: Detected size(16384k) larger than the size in the binary image header(2048k). Using the size in the binary image header.[0m
[0;32mI (285) sleep: Configure to isolate all GPIO pins in sleep state[0m
[0;32mI (291) sleep: Enable automatic switching of GPIO sleep configuration[0m
[0;32mI (298) coexist: coex firmware version: d96c1e51f[0m
[0;32mI (304) coexist: coexist rom version 5b8dcfa[0m
[0;32mI (309) main_task: Started on CPU0[0m
[0;32mI (309) main_task: Calling app_main()[0m
Hello from Swift on ESP32-C6!
Guru Meditation Error: Core  0 panic'ed (Illegal instruction). Exception was unhandled.

Core  0 register dump:
MEPC    : 0x4200003c  RA      : 0x4200003c  SP      : 0x4080fae0  GP      : 0x4080ac10  
TP      : 0x40807448  T0      : 0x40028192  T1      : 0x30000000  T2      : 0x00000000  
S0/FP   : 0x4201a000  S1      : 0x00000000  A0      : 0x00000000  A1      : 0x4080fabc  
A2      : 0x00000000  A3      : 0x00000001  A4      : 0x00000000  A5      : 0x20001000  
A6      : 0x00000001  A7      : 0x0000000a  S2      : 0x00000000  S3      : 0x00000000  
S4      : 0x00000000  S5      : 0x00000000  S6      : 0x00000000  S7      : 0x00000000  
S8      : 0x00000000  S9      : 0x00000000  S10     : 0x00000000  S11     : 0x00000000  
T3      : 0x00000000  T4      : 0x00000000  T5      : 0x00000000  T6      : 0x00000000  
MSTATUS : 0x00001881  MTVEC   : 0x40800001  MCAUSE  : 0x00000002  MTVAL   : 0x00000000  
MHARTID : 0x00000000  

0x4200003c in $s10_swiftcode8app_mainyyF ()
#0  0x4200003c in $s10_swiftcode8app_mainyyF ()
Backtrace stopped: previous frame identical to this frame (corrupt stack?)
ELF file SHA256: 5ec16e847

Rebooting...
ESP-ROM:esp32c6-20220919
Build:Sep 19 2022
rst:0xc (SW_CPU),boot:0x7c (SPI_FAST_FLASH_BOOT)
Saved PC:0x4001975a
SPIWP:0xee
mode:DIO, clock div:2
load:0x40875720,len:0x1804
load:0x4086c410,len:0xe2c
load:0x4086e610,len:0x2e24
entry 0x4086c41a
[0;32mI (22) boot: ESP-IDF v5.2.2 2nd stage bootloader[0m
[0;32mI (22) boot: compile time Aug 19 2024 20:13:58[0m
[0;32mI (24) boot: chip revision: v0.0[0m
[0;32mI (25) boot.esp32c6: SPI Speed      : 80MHz[0m
[0;32mI (30) boot.esp32c6: SPI Mode       : DIO[0m
[0;32mI (34) boot.esp32c6: SPI Flash Size : 2MB[0m
[0;32mI (39) boot: Enabling RNG early entropy source...[0m
[0;32mI (45) boot: Partition Table:[0m
[0;32mI (48) boot: ## Label            Usage          Type ST Offset   Length[0m
[0;32mI (55) boot:  0 nvs              WiFi data        01 02 00009000 00006000[0m
[0;32mI (63) boot:  1 phy_init         RF data          01 01 0000f000 00001000[0m
[0;32mI (70) boot:  2 factory          factory app      00 00 00010000 00100000[0m
[0;32mI (78) boot: End of partition table[0m
[0;32mI (82) esp_image: segment 0: paddr=00010020 vaddr=42018020 size=087f8h ( 34808) map[0m
[0;32mI (105) esp_image: segment 1: paddr=00018820 vaddr=40800000 size=077f8h ( 30712) load[0m
[0;32mI (121) esp_image: segment 2: paddr=00020020 vaddr=42000020 size=10170h ( 65904) map[0m
[0;32mI (149) esp_image: segment 3: paddr=00030198 vaddr=408077f8 size=02c14h ( 11284) load[0m
[0;32mI (156) esp_image: segment 4: paddr=00032db4 vaddr=4080a410 size=01650h (  5712) load[0m
[0;32mI (165) boot: Loaded app from partition at offset 0x10000[0m
[0;32mI (166) boot: Disabling RNG early entropy source...[0m
[0;32mI (178) cpu_start: Unicore app[0m
[0;33mW (188) clk: esp_perip_clk_init() has not been implemented yet[0m
[0;32mI (194) cpu_start: Pro cpu start user code[0m
[0;32mI (194) cpu_start: cpu freq: 160000000 Hz[0m
[0;32mI (195) cpu_start: Application information:[0m
[0;32mI (197) cpu_start: Project name:     main[0m
[0;32mI (202) cpu_start: App version:      1[0m
[0;32mI (206) cpu_start: Compile time:     Aug 19 2024 20:13:50[0m
[0;32mI (212) cpu_start: ELF file SHA256:  5ec16e847...[0m
[0;32mI (218) cpu_start: ESP-IDF:          v5.2.2[0m
[0;32mI (223) cpu_start: Min chip rev:     v0.0[0m
[0;32mI (227) cpu_start: Max chip rev:     v0.99 [0m
[0;32mI (232) cpu_start: Chip rev:         v0.0[0m
[0;32mI (237) heap_init: Initializing. RAM available for dynamic allocation:[0m
[0;32mI (244) heap_init: At 4080C980 len 0006FC90 (447 KiB): RAM[0m
[0;32mI (250) heap_init: At 4087C610 len 00002F54 (11 KiB): RAM[0m
[0;32mI (256) heap_init: At 50000000 len 00003FE8 (15 KiB): RTCRAM[0m
[0;32mI (263) spi_flash: detected chip: generic[0m
[0;32mI (267) spi_flash: flash io: dio[0m
[0;33mW (271) spi_flash: Detected size(16384k) larger than the size in the binary image header(2048k). Using the size in the binary image header.[0m
[0;32mI (285) sleep: Configure to isolate all GPIO pins in sleep state[0m
[0;32mI (291) sleep: Enable automatic switching of GPIO sleep configuration[0m
[0;32mI (298) coexist: coex firmware version: d96c1e51f[0m
[0;32mI (304) coexist: coexist rom version 5b8dcfa[0m
[0;32mI (309) main_task: Started on CPU0[0m
[0;32mI (309) main_task: Calling app_main()[0m
Hello from Swift on ESP32-C6!
Guru Meditation Error: Core  0 panic'ed (Illegal instruction). Exception was unhandled.

Core  0 register dump:
MEPC    : 0x4200003c  RA      : 0x4200003c  SP      : 0x4080fae0  GP      : 0x4080ac10  
TP      : 0x40807448  T0      : 0x40028192  T1      : 0x30000000  T2      : 0x00000000  
S0/FP   : 0x4201a000  S1      : 0x00000000  A0      : 0x00000000  A1      : 0x4080fabc  
A2      : 0x00000000  A3      : 0x00000001  A4      : 0x00000000  A5      : 0x20001000  
A6      : 0x00000001  A7      : 0x0000000a  S2      : 0x00000000  S3      : 0x00000000  
S4      : 0x00000000  S5      : 0x00000000  S6      : 0x00000000  S7      : 0x00000000  
S8      : 0x00000000  S9      : 0x00000000  S10     : 0x00000000  S11     : 0x00000000  
T3      : 0x00000000  T4      : 0x00000000  T5      : 0x00000000  T6      : 0x00000000  
MSTATUS : 0x00001881  MTVEC   : 0x40800001  MCAUSE  : 0x00000002  MTVAL   : 0x00000000  
MHARTID : 0x00000000  

0x4200003c in $s10_swiftcode8app_mainyyF ()
#0  0x4200003c in $s10_swiftcode8app_mainyyF ()
Backtrace stopped: previous frame identical to this frame (corrupt stack?)
ELF file SHA256: 5ec16e847

Rebooting...
ESP-ROM:esp32c6-20220919
Build:Sep 19 2022
rst:0xc (SW_CPU),boot:0x7c (SPI_FAST_FLASH_BOOT)
Saved PC:0x4001975a
SPIWP:0xee
mode:DIO, clock div:2
load:0x40875720,len:0x1804
load:0x4086c410,len:0xe2c
load:0x4086e610,len:0x2e24
entry 0x4086c41a
[0;32mI (22) boot: ESP-IDF v5.2.2 2nd stage bootloader[0m
[0;32mI (22) boot: compile time Aug 19 2024 20:13:58[0m
[0;32mI (24) boot: chip revision: v0.0[0m
[0;32mI (25) boot.esp32c6: SPI Speed      : 80MHz[0m
[0;32mI (30) boot.esp32c6: SPI Mode       : DIO[0m
[0;32mI (34) boot.esp32c6: SPI Flash Size : 2MB[0m
[0;32mI (39) boot: Enabling RNG early entropy source...[0m
[0;32mI (45) boot: Partition Table:[0m
[0;32mI (48) boot: ## Label            Usage          Type ST Offset   Length[0m
[0;32mI (55) boot:  0 nvs              WiFi data        01 02 00009000 00006000[0m
[0;32mI (63) boot:  1 phy_init         RF data          01 01 0000f000 00001000[0m
[0;32mI (70) boot:  2 factory          factory app      00 00 00010000 00100000[0m
[0;32mI (78) boot: End of partition table[0m
[0;32mI (82) esp_image: segment 0: paddr=00010020 vaddr=42018020 size=087f8h ( 34808) map[0m
[0;32mI (105) esp_image: segment 1: paddr=00018820 vaddr=40800000 size=077f8h ( 30712) load[0m
[0;32mI (121) esp_image: segment 2: paddr=00020020 vaddr=42000020 size=10170h ( 65904) map[0m
[0;32mI (149) esp_image: segment 3: paddr=00030198 vaddr=408077f8 size=02c14h ( 11284) load[0m
[0;32mI (156) esp_image: segment 4: paddr=00032db4 vaddr=4080a410 size=01650h (  5712) load[0m
[0;32mI (165) boot: Loaded app from partition at offset 0x10000[0m
[0;32mI (166) boot: Disabling RNG early entropy source...[0m
[0;32mI (178) cpu_start: Unicore app[0m
[0;33mW (188) clk: esp_perip_clk_init() has not been implemented yet[0m
[0;32mI (194) cpu_start: Pro cpu start user code[0m
[0;32mI (194) cpu_start: cpu freq: 160000000 Hz[0m
[0;32mI (195) cpu_start: Application information:[0m
[0;32mI (197) cpu_start: Project name:     main[0m
[0;32mI (202) cpu_start: App version:      1[0m
[0;32mI (206) cpu_start: Compile time:     Aug 19 2024 20:13:50[0m
[0;32mI (212) cpu_start: ELF file SHA256:  5ec16e847...[0m
[0;32mI (218) cpu_start: ESP-IDF:          v5.2.2[0m
[0;32mI (223) cpu_start: Min chip rev:     v0.0[0m
[0;32mI (227) cpu_start: Max chip rev:     v0.99 [0m
[0;32mI (232) cpu_start: Chip rev:         v0.0[0m
[0;32mI (237) heap_init: Initializing. RAM available for dynamic allocation:[0m
[0;32mI (244) heap_init: At 4080C980 len 0006FC90 (447 KiB): RAM[0m
[0;32mI (250) heap_init: At 4087C610 len 00002F54 (11 KiB): RAM[0m
[0;32mI (256) heap_init: At 50000000 len 00003FE8 (15 KiB): RTCRAM[0m
[0;32mI (263) spi_flash: detected chip: generic[0m
[0;32mI (267) spi_flash: flash io: dio[0m
[0;33mW (271) spi_flash: Detected size(16384k) larger than the size in the binary image header(2048k). Using the size in the binary image header.[0m
[0;32mI (285) sleep: Configure to isolate all GPIO pins in sleep state[0m
[0;32mI (291) sleep: Enable automatic switching of GPIO sleep configuration[0m
[0;32mI (298) coexist: coex firmware version: d96c1e51f[0m
[0;32mI (304) coexist: coexist rom version 5b8dcfa[0m
[0;32mI (309) main_task: Started on CPU0[0m
[0;32mI (309) main_task: Calling app_main()[0m
Hello from Swift on ESP32-C6!
Guru Meditation Error: Core  0 panic'ed (Illegal instruction). Exception was unhandled.

Core  0 register dump:
MEPC    : 0x4200003c  RA      : 0x4200003c  SP      : 0x4080fae0  GP      : 0x4080ac10  
TP      : 0x40807448  T0      : 0x40028192  T1      : 0x30000000  T2      : 0x00000000  
S0/FP   : 0x4201a000  S1      : 0x00000000  A0      : 0x00000000  A1      : 0x4080fabc  
A2      : 0x00000000  A3      : 0x00000001  A4      : 0x00000000  A5      : 0x20001000  
A6      : 0x00000001  A7      : 0x0000000a  S2      : 0x00000000  S3      : 0x00000000  
S4      : 0x00000000  S5      : 0x00000000  S6      : 0x00000000  S7      : 0x00000000  
S8      : 0x00000000  S9      : 0x00000000  S10     : 0x00000000  S11     : 0x00000000  
T3      : 0x00000000  T4      : 0x00000000  T5      : 0x00000000  T6      : 0x00000000  
MSTATUS : 0x00001881  MTVEC   : 0x40800001  MCAUSE  : 0x00000002  MTVAL   : 0x00000000  
MHARTID : 0x00000000  

0x4200003c in $s10_swiftcode8app_mainyyF ()
#0  0x4200003c in $s10_swiftcode8app_mainyyF ()
Backtrace stopped: previous frame identical to this frame (corrupt stack?)
ELF file SHA256: 5ec16e847

Rebooting...
ESP-ROM:esp32c6-20220919
Build:Sep 19 2022
rst:0xc (SW_CPU),boot:0x7c (SPI_FAST_FLASH_BOOT)
Saved PC:0x4001975a
SPIWP:0xee
mode:DIO, clock div:2
load:0x40875720,len:0x1804
load:0x4086c410,len:0xe2c
load:0x4086e610,len:0x2e24
entry 0x4086c41a
[0;32mI (22) boot: ESP-IDF v5.2.2 2nd stage bootloader[0m
[0;32mI (22) boot: compile time Aug 19 2024 20:13:58[0m
[0;32mI (24) boot: chip revision: v0.0[0m
[0;32mI (25) boot.esp32c6: SPI Speed      : 80MHz[0m
[0;32mI (30) boot.esp32c6: SPI Mode       : DIO[0m
[0;32mI (34) boot.esp32c6: SPI Flash Size : 2MB[0m
[0;32mI (39) boot: Enabling RNG early entropy source...[0m
[0;32mI (45) boot: Partition Table:[0m
[0;32mI (48) boot: ## Label            Usage          Type ST Offset   Length[0m
[0;32mI (55) boot:  0 nvs              WiFi data        01 02 00009000 00006000[0m
[0;32mI (63) boot:  1 phy_init         RF data          01 01 0000f000 00001000[0m
[0;32mI (70) boot:  2 factory          factory app      00 00 00010000 00100000[0m
[0;32mI (78) boot: End of partition table[0m
[0;32mI (82) esp_image: segment 0: paddr=00010020 vaddr=42018020 size=087f8h ( 34808) map[0m
[0;32mI (105) esp_image: segment 1: paddr=00018820 vaddr=40800000 size=077f8h ( 30712) load[0m
[0;32mI (121) esp_image: segment 2: paddr=00020020 vaddr=42000020 size=10170h ( 65904) map[0m
[0;32mI (149) esp_image: segment 3: paddr=00030198 vaddr=408077f8 size=02c14h ( 11284) load[0m
[0;32mI (156) esp_image: segment 4: paddr=00032db4 vaddr=4080a410 size=01650h (  5712) load[0m
[0;32mI (165) boot: Loaded app from partition at offset 0x10000[0m
[0;32mI (166) boot: Disabling RNG early entropy source...[0m
[0;32mI (178) cpu_start: Unicore app[0m
[0;33mW (188) clk: esp_perip_clk_init() has not been implemented yet[0m
[0;32mI (194) cpu_start: Pro cpu start user code[0m
[0;32mI (194) cpu_start: cpu freq: 160000000 Hz[0m
[0;32mI (195) cpu_start: Application information:[0m
[0;32mI (197) cpu_start: Project name:     main[0m
[0;32mI (202) cpu_start: App version:      1[0m
[0;32mI (206) cpu_start: Compile time:     Aug 19 2024 20:13:50[0m
[0;32mI (212) cpu_start: ELF file SHA256:  5ec16e847...[0m
[0;32mI (218) cpu_start: ESP-IDF:          v5.2.2[0m
[0;32mI (223) cpu_start: Min chip rev:     v0.0[0m
[0;32mI (227) cpu_start: Max chip rev:     v0.99 [0m
[0;32mI (232) cpu_start: Chip rev:         v0.0[0m
[0;32mI (237) heap_init: Initializing. RAM available for dynamic allocation:[0m
[0;32mI (244) heap_init: At 4080C980 len 0006FC90 (447 KiB): RAM[0m
[0;32mI (250) heap_init: At 4087C610 len 00002F54 (11 KiB): RAM[0m
[0;32mI (256) heap_init: At 50000000 len 00003FE8 (15 KiB): RTCRAM[0m
[0;32mI (263) spi_flash: detected chip: generic[0m
[0;32mI (267) spi_flash: flash io: dio[0m
[0;33mW (271) spi_flash: Detected size(16384k) larger than the size in the binary image header(2048k). Using the size in the binary image header.[0m
[0;32mI (285) sleep: Configure to isolate all GPIO pins in sleep state[0m
[0;32mI (291) sleep: Enable automatic switching of GPIO sleep configuration[0m
[0;32mI (298) coexist: coex firmware version: d96c1e51f[0m
[0;32mI (304) coexist: coexist rom version 5b8dcfa[0m
[0;32mI (309) main_task: Started on CPU0[0m
[0;32mI (309) main_task: Calling app_main()[0m
Hello from Swift on ESP32-C6!
Guru Meditation Error: Core  0 panic'ed (Illegal instruction). Exception was unhandled.

Core  0 register dump:
MEPC    : 0x4200003c  RA      : 0x4200003c  SP      : 0x4080fae0  GP      : 0x4080ac10  
TP      : 0x40807448  T0      : 0x40028192  T1      : 0x30000000  T2      : 0x00000000  
S0/FP   : 0x4201a000  S1      : 0x00000000  A0      : 0x00000000  A1      : 0x4080fabc  
A2      : 0x00000000  A3      : 0x00000001  A4      : 0x00000000  A5      : 0x20001000  
A6      : 0x00000001  A7      : 0x0000000a  S2      : 0x00000000  S3      : 0x00000000  
S4      : 0x00000000  S5      : 0x00000000  S6      : 0x00000000  S7      : 0x00000000  
S8      : 0x00000000  S9      : 0x00000000  S10     : 0x00000000  S11     : 0x00000000  
T3      : 0x00000000  T4      : 0x00000000  T5      : 0x00000000  T6      : 0x00000000  
MSTATUS : 0x00001881  MTVEC   : 0x40800001  MCAUSE  : 0x00000002  MTVAL   : 0x00000000  
MHARTID : 0x00000000  

0x4200003c in $s10_swiftcode8app_mainyyF ()
#0  0x4200003c in $s10_swiftcode8app_mainyyF ()
Backtrace stopped: previous frame identical to this frame (corrupt stack?)
ELF file SHA256: 5ec16e847

Rebooting...
ESP-ROM:esp32c6-20220919
Build:Sep 19 2022
rst:0xc (SW_CPU),boot:0x7c (SPI_FAST_FLASH_BOOT)
Saved PC:0x4001975a
SPIWP:0xee
mode:DIO, clock div:2
load:0x40875720,len:0x1804
load:0x4086c410,len:0xe2c
load:0x4086e610,len:0x2e24
entry 0x4086c41a
[0;32mI (22) boot: ESP-IDF v5.2.2 2nd stage bootloader[0m
[0;32mI (22) boot: compile time Aug 19 2024 20:13:58[0m
[0;32mI (24) boot: chip revision: v0.0[0m
[0;32mI (25) boot.esp32c6: SPI Speed      : 80MHz[0m
[0;32mI (30) boot.esp32c6: SPI Mode       : DIO[0m
[0;32mI (34) boot.esp32c6: SPI Flash Size : 2MB[0m
[0;32mI (39) boot: Enabling RNG early entropy source...[0m
[0;32mI (45) boot: Partition Table:[0m
[0;32mI (48) boot: ## Label            Usage          Type ST Offset   Length[0m
[0;32mI (55) boot:  0 nvs              WiFi data        01 02 00009000 00006000[0m
[0;32mI (63) boot:  1 phy_init         RF data          01 01 0000f000 00001000[0m
[0;32mI (70) boot:  2 factory          factory app      00 00 00010000 00100000[0m
[0;32mI (78) boot: End of partition table[0m
[0;32mI (82) esp_image: segment 0: paddr=00010020 vaddr=42018020 size=087f8h ( 34808) map[0m
[0;32mI (105) esp_image: segment 1: paddr=00018820 vaddr=40800000 size=077f8h ( 30712) load[0m
[0;32mI (121) esp_image: segment 2: paddr=00020020 vaddr=42000020 size=10170h ( 65904) map[0m
[0;32mI (149) esp_image: segment 3: paddr=00030198 vaddr=408077f8 size=02c14h ( 11284) load[0m
[0;32mI (156) esp_image: segment 4: paddr=00032db4 vaddr=4080a410 size=01650h (  5712) load[0m
[0;32mI (165) boot: Loaded app from partition at offset 0x10000[0m
[0;32mI (166) boot: Disabling RNG early entropy source...[0m
[0;32mI (178) cpu_start: Unicore app[0m
[0;33mW (188) clk: esp_perip_clk_init() has not been implemented yet[0m
[0;32mI (194) cpu_start: Pro cpu start user code[0m
[0;32mI (194) cpu_start: cpu freq: 160000000 Hz[0m
[0;32mI (195) cpu_start: Application information:[0m
[0;32mI (197) cpu_start: Project name:     main[0m
[0;32mI (202) cpu_start: App version:      1[0m
[0;32mI (206) cpu_start: Compile time:     Aug 19 2024 20:13:50[0m
[0;32mI (212) cpu_start: ELF file SHA256:  5ec16e847...[0m
[0;32mI (218) cpu_start: ESP-IDF:          v5.2.2[0m
[0;32mI (223) cpu_start: Min chip rev:     v0.0[0m
[0;32mI (227) cpu_start: Max chip rev:     v0.99 [0m
[0;32mI (232) cpu_start: Chip rev:         v0.0[0m
[0;32mI (237) heap_init: Initializing. RAM available for dynamic allocation:[0m
[0;32mI (244) heap_init: At 4080C980 len 0006FC90 (447 KiB): RAM[0m
[0;32mI (250) heap_init: At 4087C610 len 00002F54 (11 KiB): RAM[0m
[0;32mI (256) heap_init: At 50000000 len 00003FE8 (15 KiB): RTCRAM[0m
[0;32mI (263) spi_flash: detected chip: generic[0m
[0;32mI (267) spi_flash: flash io: dio[0m
[0;33mW (271) spi_flash: Detected size(16384k) larger than the size in the binary image header(2048k). Using the size in the binary image header.[0m
[0;32mI (285) sleep: Configure to isolate all GPIO pins in sleep state[0m
[0;32mI (291) sleep: Enable automatic switching of GPIO sleep configuration[0m
[0;32mI (298) coexist: coex firmware version: d96c1e51f[0m
[0;32mI (304) coexist: coexist rom version 5b8dcfa[0m
[0;32mI (309) main_task: Started on CPU0[0m
[0;32mI (309) main_task: Calling app_main()[0m
Hello from Swift on ESP32-C6!
Guru Meditation Error: Core  0 panic'ed (Illegal instruction). Exception was unhandled.

Core  0 register dump:
MEPC    : 0x4200003c  RA      : 0x4200003c  SP      : 0x4080fae0  GP      : 0x4080ac10  
TP      : 0x40807448  T0      : 0x40028192  T1      : 0x30000000  T2      : 0x00000000  
S0/FP   : 0x4201a000  S1      : 0x00000000  A0      : 0x00000000  A1      : 0x4080fabc  
A2      : 0x00000000  A3      : 0x00000001  A4      : 0x00000000  A5      : 0x20001000  
A6      : 0x00000001  A7      : 0x0000000a  S2      : 0x00000000  S3      : 0x00000000  
S4      : 0x00000000  S5      : 0x00000000  S6      : 0x00000000  S7      : 0x00000000  
S8      : 0x00000000  S9      : 0x00000000  S10     : 0x00000000  S11     : 0x00000000  
T3      : 0x00000000  T4      : 0x00000000  T5      : 0x00000000  T6      : 0x00000000  
MSTATUS : 0x00001881  MTVEC   : 0x40800001  MCAUSE  : 0x00000002  MTVAL   : 0x00000000  
MHARTID : 0x00000000  

0x4200003c in $s10_swiftcode8app_mainyyF ()
#0  0x4200003c in $s10_swiftcode8app_mainyyF ()
Backtrace stopped: previous frame identical to this frame (corrupt stack?)
ELF file SHA256: 5ec16e847

Rebooting...
ESP-ROM:esp32c6-20220919
Build:Sep 19 2022
rst:0xc (SW_CPU),boot:0x7c (SPI_FAST_FLASH_BOOT)
Saved PC:0x4001975a
SPIWP:0xee
mode:DIO, clock div:2
load:0x40875720,len:0x1804
load:0x4086c410,len:0xe2c
load:0x4086e610,len:0x2e24
entry 0x4086c41a
[0;32mI (22) boot: ESP-IDF v5.2.2 2nd stage bootloader[0m
[0;32mI (22) boot: compile time Aug 19 2024 20:13:58[0m
[0;32mI (24) boot: chip revision: v0.0[0m
[0;32mI (25) boot.esp32c6: SPI Speed      : 80MHz[0m
[0;32mI (30) boot.esp32c6: SPI Mode       : DIO[0m
[0;32mI (34) boot.esp32c6: SPI Flash Size : 2MB[0m
[0;32mI (39) boot: Enabling RNG early entropy source...[0m
[0;32mI (45) boot: Partition Table:[0m
[0;32mI (48) boot: ## Label            Usage          Type ST Offset   Length[0m
[0;32mI (55) boot:  0 nvs              WiFi data        01 02 00009000 00006000[0m
[0;32mI (63) boot:  1 phy_init         RF data          01 01 0000f000 00001000[0m
[0;32mI (70) boot:  2 factory          factory app      00 00 00010000 00100000[0m
[0;32mI (78) boot: End of partition table[0m
[0;32mI (82) esp_image: segment 0: paddr=00010020 vaddr=42018020 size=087f8h ( 34808) map[0m
[0;32mI (105) esp_image: segment 1: paddr=00018820 vaddr=40800000 size=077f8h ( 30712) load[0m
[0;32mI (121) esp_image: segment 2: paddr=00020020 vaddr=42000020 size=10170h ( 65904) map[0m
[0;32mI (149) esp_image: segment 3: paddr=00030198 vaddr=408077f8 size=02c14h ( 11284) load[0m
[0;32mI (156) esp_image: segment 4: paddr=00032db4 vaddr=4080a410 size=01650h (  5712) load[0m
[0;32mI (165) boot: Loaded app from partition at offset 0x10000[0m
[0;32mI (166) boot: Disabling RNG early entropy source...[0m
[0;32mI (178) cpu_start: Unicore app[0m
[0;33mW (188) clk: esp_perip_clk_init() has not been implemented yet[0m
[0;32mI (194) cpu_start: Pro cpu start user code[0m
[0;32mI (194) cpu_start: cpu freq: 160000000 Hz[0m
[0;32mI (195) cpu_start: Application information:[0m
[0;32mI (197) cpu_start: Project name:     main[0m
[0;32mI (202) cpu_start: App version:      1[0m
[0;32mI (206) cpu_start: Compile time:     Aug 19 2024 20:13:50[0m
[0;32mI (212) cpu_start: ELF file SHA256:  5ec16e847...[0m
[0;32mI (218) cpu_start: ESP-IDF:          v5.2.2[0m
[0;32mI (223) cpu_start: Min chip rev:     v0.0[0m
[0;32mI (227) cpu_start: Max chip rev:     v0.99 [0m
[0;32mI (232) cpu_start: Chip rev:         v0.0[0m
[0;32mI (237) heap_init: Initializing. RAM available for dynamic allocation:[0m
[0;32mI (244) heap_init: At 4080C980 len 0006FC90 (447 KiB): RAM[0m
[0;32mI (250) heap_init: At 4087C610 len 00002F54 (11 KiB): RAM[0m
[0;32mI (256) heap_init: At 50000000 len 00003FE8 (15 KiB): RTCRAM[0m
[0;32mI (263) spi_flash: detected chip: generic[0m
[0;32mI (267) spi_flash: flash io: dio[0m
[0;33mW (271) spi_flash: Detected size(16384k) larger than the size in the binary image header(2048k). Using the size in the binary image header.[0m
[0;32mI (285) sleep: Configure to isolate all GPIO pins in sleep state[0m
[0;32mI (291) sleep: Enable automatic switching of GPIO sleep configuration[0m
[0;32mI (298) coexist: coex firmware version: d96c1e51f[0m
[0;32mI (304) coexist: coexist rom version 5b8dcfa[0m
[0;32mI (309) main_task: Started on CPU0[0m
[0;32mI (309) main_task: Calling app_main()[0m
Hello from Swift on ESP32-C6!
Guru Meditation Error: Core  0 panic'ed (Illegal instruction). Exception was unhandled.

Core  0 register dump:
MEPC    : 0x4200003c  RA      : 0x4200003c  SP      : 0x4080fae0  GP      : 0x4080ac10  
TP      : 0x40807448  T0      : 0x40028192  T1      : 0x30000000  T2      : 0x00000000  
S0/FP   : 0x4201a000  S1      : 0x00000000  A0      : 0x00000000  A1      : 0x4080fabc  
A2      : 0x00000000  A3      : 0x00000001  A4      : 0x00000000  A5      : 0x20001000  
A6      : 0x00000001  A7      : 0x0000000a  S2      : 0x00000000  S3      : 0x00000000  
S4      : 0x00000000  S5      : 0x00000000  S6      : 0x00000000  S7      : 0x00000000  
S8      : 0x00000000  S9      : 0x00000000  S10     : 0x00000000  S11     : 0x00000000  
T3      : 0x00000000  T4      : 0x00000000  T5      : 0x00000000  T6      : 0x00000000  
MSTATUS : 0x00001881  MTVEC   : 0x40800001  MCAUSE  : 0x00000002  MTVAL   : 0x00000000  
MHARTID : 0x00000000  

